2026-08-20 09:24:57 [INFO    ] sdr_monitor (logger.py:65): Logger initialized  →  logs\sdr_monitor_20260820.log
2026-08-20 09:24:57 [DEBUG   ] sdr_monitor.signal_processor (signal_processor.py:85): SignalProcessor  fft=1024  window=hann  avg=3
2026-08-20 09:24:57 [INFO    ] sdr_monitor.db_manager (db_manager.py:29): Database initialized at: data/sdr_monitor.db
2026-08-20 09:24:57 [INFO    ] sdr_monitor.db_manager (db_manager.py:132): Session created: 1FCD351F [simulation]
2026-08-20 09:24:59 [INFO    ] sdr_monitor.sdr_engine (sdr_engine.py:218): SoapySDR: no HackRF device found. Enumerated devices: ()
2026-08-20 09:24:59 [INFO    ] sdr_monitor.sdr_engine (sdr_engine.py:458): SDREngine initialized in simulation mode.
2026-08-20 09:24:59 [INFO    ] sdr_monitor.db_manager (db_manager.py:132): Session created: 4CFC0A43 [simulation]
2026-08-20 09:24:59 [INFO    ] sdr_monitor.web_backend (main.py:220): SDR started in [SIMULATION] mode. Session: 4CFC0A43
2026-08-20 09:24:59 [INFO    ] sdr_monitor.web_backend (main.py:239): Web-SDR Application Started. Session: 4CFC0A43
2026-08-20 11:34:50 [INFO    ] sdr_monitor.web_backend (main.py:243): Shutting down Web-SDR Application...
2026-08-20 11:36:28 [INFO    ] sdr_monitor (logger.py:65): Logger initialized  →  logs\sdr_monitor_20260820.log
2026-08-20 11:36:28 [DEBUG   ] sdr_monitor.signal_processor (signal_processor.py:85): SignalProcessor  fft=1024  window=hann  avg=3
2026-08-20 11:36:28 [INFO    ] sdr_monitor.db_manager (db_manager.py:29): Database initialized at: data/sdr_monitor.db
2026-08-20 11:36:29 [INFO    ] sdr_monitor.db_manager (db_manager.py:132): Session created: 423E2536 [simulation]
2026-08-20 11:36:30 [INFO    ] sdr_monitor.sdr_engine (sdr_engine.py:218): SoapySDR: no HackRF device found. Enumerated devices: ()
2026-08-20 11:36:30 [INFO    ] sdr_monitor.sdr_engine (sdr_engine.py:458): SDREngine initialized in simulation mode.
2026-08-20 11:36:31 [INFO    ] sdr_monitor.db_manager (db_manager.py:132): Session created: 611B048E [simulation]
2026-08-20 11:36:31 [INFO    ] sdr_monitor.web_backend (main.py:220): SDR started in [SIMULATION] mode. Session: 611B048E
2026-08-20 11:36:31 [INFO    ] sdr_monitor.web_backend (main.py:239): Web-SDR Application Started. Session: 611B048E
2026-08-20 11:36:58 [INFO    ] sdr_monitor.web_backend (main.py:571): Client disconnected from WebSocket.
2026-08-20 11:37:08 [INFO    ] sdr_monitor.web_backend (main.py:571): Client disconnected from WebSocket.
2026-08-20 15:10:17 [INFO    ] sdr_monitor.sdr_engine (sdr_engine.py:218): SoapySDR: no HackRF device found. Enumerated devices: ()
2026-08-20 15:10:17 [INFO    ] sdr_monitor.sdr_engine (sdr_engine.py:458): SDREngine initialized in simulation mode.
2026-08-20 15:10:22 [INFO    ] sdr_monitor.sdr_engine (sdr_engine.py:218): SoapySDR: no HackRF device found. Enumerated devices: ()
2026-08-20 15:10:22 [INFO    ] sdr_monitor.sdr_engine (sdr_engine.py:458): SDREngine initialized in simulation mode.
2026-08-20 15:10:22 [INFO    ] sdr_monitor.sdr_engine (sdr_engine.py:218): SoapySDR: no HackRF device found. Enumerated devices: ()
2026-08-20 15:10:22 [INFO    ] sdr_monitor.sdr_engine (sdr_engine.py:458): SDREngine initialized in simulation mode.
2026-08-20 15:10:22 [INFO    ] sdr_monitor.sdr_engine (sdr_engine.py:218): SoapySDR: no HackRF device found. Enumerated devices: ()
2026-08-20 15:10:22 [INFO    ] sdr_monitor.sdr_engine (sdr_engine.py:458): SDREngine initialized in simulation mode.
2026-08-20 15:10:22 [INFO    ] sdr_monitor.sdr_engine (sdr_engine.py:218): SoapySDR: no HackRF device found. Enumerated devices: ()
2026-08-20 15:10:22 [INFO    ] sdr_monitor.sdr_engine (sdr_engine.py:458): SDREngine initialized in simulation mode.
2026-08-20 15:10:23 [INFO    ] sdr_monitor.db_manager (db_manager.py:132): Session created: 7AA1BAAC [simulation]
2026-08-20 15:10:23 [INFO    ] sdr_monitor.web_backend (main.py:220): SDR started in [SIMULATION] mode. Session: 7AA1BAAC
2026-08-20 15:10:23 [INFO    ] sdr_monitor.db_manager (db_manager.py:132): Session created: 6A073EDE [simulation]
2026-08-20 15:10:23 [INFO    ] sdr_monitor.db_manager (db_manager.py:132): Session created: 7DACCA0D [simulation]
2026-08-20 15:10:23 [INFO    ] sdr_monitor.db_manager (db_manager.py:132): Session created: 119F5513 [simulation]
2026-08-20 15:10:23 [INFO    ] sdr_monitor.db_manager (db_manager.py:132): Session created: 426FDC20 [simulation]
2026-08-20 15:10:25 [INFO    ] sdr_monitor.web_backend (main.py:571): Client disconnected from WebSocket.
2026-08-20 15:10:25 [INFO    ] sdr_monitor.web_backend (main.py:571): Client disconnected from WebSocket.
2026-08-20 15:10:25 [INFO    ] sdr_monitor.web_backend (main.py:571): Client disconnected from WebSocket.
2026-08-20 15:10:25 [INFO    ] sdr_monitor.web_backend (main.py:571): Client disconnected from WebSocket.
2026-08-20 15:10:25 [INFO    ] sdr_monitor.web_backend (main.py:571): Client disconnected from WebSocket.
2026-08-20 15:10:25 [INFO    ] sdr_monitor.web_backend (main.py:571): Client disconnected from WebSocket.
2026-08-20 15:10:25 [INFO    ] sdr_monitor.web_backend (main.py:571): Client disconnected from WebSocket.
2026-08-20 15:10:25 [INFO    ] sdr_monitor.web_backend (main.py:571): Client disconnected from WebSocket.
2026-08-20 15:10:25 [INFO    ] sdr_monitor.web_backend (main.py:571): Client disconnected from WebSocket.
2026-08-20 15:10:25 [INFO    ] sdr_monitor.web_backend (main.py:571): Client disconnected from WebSocket.
2026-08-20 15:10:25 [INFO    ] sdr_monitor.web_backend (main.py:571): Client disconnected from WebSocket.
2026-08-20 15:10:25 [INFO    ] sdr_monitor.web_backend (main.py:571): Client disconnected from WebSocket.
2026-08-20 15:10:25 [INFO    ] sdr_monitor.web_backend (main.py:571): Client disconnected from WebSocket.
2026-08-20 15:10:25 [INFO    ] sdr_monitor.web_backend (main.py:571): Client disconnected from WebSocket.
2026-08-20 15:10:25 [INFO    ] sdr_monitor.web_backend (main.py:571): Client disconnected from WebSocket.
2026-08-20 15:10:25 [INFO    ] sdr_monitor.web_backend (main.py:571): Client disconnected from WebSocket.
2026-08-20 15:10:25 [INFO    ] sdr_monitor.web_backend (main.py:571): Client disconnected from WebSocket.
2026-08-20 15:10:25 [INFO    ] sdr_monitor.web_backend (main.py:571): Client disconnected from WebSocket.
2026-08-20 15:10:25 [INFO    ] sdr_monitor.web_backend (main.py:571): Client disconnected from WebSocket.
2026-08-20 15:10:25 [INFO    ] sdr_monitor.web_backend (main.py:571): Client disconnected from WebSocket.
2026-08-20 15:10:25 [INFO    ] sdr_monitor.web_backend (main.py:571): Client disconnected from WebSocket.
2026-08-20 15:10:25 [INFO    ] sdr_monitor.web_backend (main.py:571): Client disconnected from WebSocket.
2026-08-20 15:10:25 [INFO    ] sdr_monitor.web_backend (main.py:571): Client disconnected from WebSocket.
2026-08-20 15:10:25 [INFO    ] sdr_monitor.web_backend (main.py:571): Client disconnected from WebSocket.
2026-08-20 15:10:25 [INFO    ] sdr_monitor.web_backend (main.py:571): Client disconnected from WebSocket.
2026-08-20 15:10:25 [INFO    ] sdr_monitor.web_backend (main.py:571): Client disconnected from WebSocket.
2026-08-20 15:10:25 [INFO    ] sdr_monitor.web_backend (main.py:571): Client disconnected from WebSocket.
2026-08-20 15:10:25 [INFO    ] sdr_monitor.web_backend (main.py:571): Client disconnected from WebSocket.
2026-08-20 15:10:25 [INFO    ] sdr_monitor.web_backend (main.py:571): Client disconnected from WebSocket.
2026-08-20 15:10:25 [INFO    ] sdr_monitor.web_backend (main.py:571): Client disconnected from WebSocket.
2026-08-20 15:10:25 [INFO    ] sdr_monitor.web_backend (main.py:571): Client disconnected from WebSocket.
2026-08-20 15:10:25 [INFO    ] sdr_monitor.web_backend (main.py:571): Client disconnected from WebSocket.
2026-08-20 15:10:25 [INFO    ] sdr_monitor.web_backend (main.py:571): Client disconnected from WebSocket.
2026-08-20 15:10:26 [INFO    ] sdr_monitor.web_backend (main.py:571): Client disconnected from WebSocket.
2026-08-20 15:10:26 [INFO    ] sdr_monitor.web_backend (main.py:571): Client disconnected from WebSocket.
2026-08-20 15:10:38 [INFO    ] sdr_monitor.sdr_engine (sdr_engine.py:218): SoapySDR: no HackRF device found. Enumerated devices: ()
2026-08-20 15:10:38 [INFO    ] sdr_monitor.sdr_engine (sdr_engine.py:458): SDREngine initialized in simulation mode.
2026-08-20 15:10:38 [INFO    ] sdr_monitor.db_manager (db_manager.py:132): Session created: 6B163AA6 [simulation]
2026-08-20 15:10:38 [INFO    ] sdr_monitor.web_backend (main.py:220): SDR started in [SIMULATION] mode. Session: 6B163AA6
2026-08-20 16:13:49 [INFO    ] sdr_monitor.web_backend (main.py:243): Shutting down Web-SDR Application...
