2026-08-10 09:17:02 [INFO    ] sdr_monitor (logger.py:65): Logger initialized  →  logs\sdr_monitor_20260810.log
2026-08-10 09:17:02 [DEBUG   ] sdr_monitor.signal_processor (signal_processor.py:85): SignalProcessor  fft=2048  window=hann  avg=3
2026-08-10 09:17:02 [INFO    ] sdr_monitor.db_manager (db_manager.py:29): Database initialized at: data/sdr_monitor.db
2026-08-10 09:17:04 [INFO    ] sdr_monitor.db_manager (db_manager.py:132): Session created: 1551020D [simulation]
2026-08-10 09:17:06 [INFO    ] sdr_monitor.sdr_engine (sdr_engine.py:218): SoapySDR: no HackRF device found. Enumerated devices: ()
2026-08-10 09:17:06 [INFO    ] sdr_monitor.sdr_engine (sdr_engine.py:458): SDREngine initialized in simulation mode.
2026-08-10 09:17:08 [INFO    ] sdr_monitor.db_manager (db_manager.py:132): Session created: 5E46EB9F [simulation]
2026-08-10 09:17:08 [INFO    ] sdr_monitor.web_backend (main.py:195): SDR started in [SIMULATION] mode. Session: 5E46EB9F
2026-08-10 09:17:08 [INFO    ] sdr_monitor.web_backend (main.py:214): Web-SDR Application Started. Session: 5E46EB9F
2026-08-10 09:24:59 [INFO    ] sdr_monitor.web_backend (main.py:218): Shutting down Web-SDR Application...
2026-08-10 09:52:08 [INFO    ] sdr_monitor (logger.py:65): Logger initialized  →  logs\sdr_monitor_20260810.log
2026-08-10 09:52:08 [DEBUG   ] sdr_monitor.signal_processor (signal_processor.py:85): SignalProcessor  fft=1024  window=hann  avg=3
2026-08-10 09:52:08 [INFO    ] sdr_monitor.db_manager (db_manager.py:29): Database initialized at: data/sdr_monitor.db
2026-08-10 09:52:10 [INFO    ] sdr_monitor.db_manager (db_manager.py:132): Session created: D3CFC2A7 [simulation]
2026-08-10 09:52:11 [INFO    ] sdr_monitor.sdr_engine (sdr_engine.py:218): SoapySDR: no HackRF device found. Enumerated devices: ()
2026-08-10 09:52:11 [INFO    ] sdr_monitor.sdr_engine (sdr_engine.py:458): SDREngine initialized in simulation mode.
2026-08-10 09:52:11 [INFO    ] sdr_monitor.db_manager (db_manager.py:132): Session created: 5BA392B4 [simulation]
2026-08-10 09:52:11 [INFO    ] sdr_monitor.web_backend (main.py:196): SDR started in [SIMULATION] mode. Session: 5BA392B4
2026-08-10 09:52:11 [INFO    ] sdr_monitor.web_backend (main.py:215): Web-SDR Application Started. Session: 5BA392B4
2026-08-10 09:52:39 [INFO    ] sdr_monitor.web_backend (main.py:547): Client disconnected from WebSocket.
2026-08-10 09:53:28 [INFO    ] sdr_monitor.web_backend (main.py:547): Client disconnected from WebSocket.
2026-08-10 09:53:36 [INFO    ] sdr_monitor.sdr_engine (sdr_engine.py:218): SoapySDR: no HackRF device found. Enumerated devices: ()
2026-08-10 09:53:36 [INFO    ] sdr_monitor.sdr_engine (sdr_engine.py:458): SDREngine initialized in simulation mode.
2026-08-10 09:53:37 [INFO    ] sdr_monitor.db_manager (db_manager.py:132): Session created: 673B7407 [simulation]
2026-08-10 09:53:37 [INFO    ] sdr_monitor.web_backend (main.py:196): SDR started in [SIMULATION] mode. Session: 673B7407
2026-08-10 10:39:23 [INFO    ] sdr_monitor.web_backend (main.py:219): Shutting down Web-SDR Application...
2026-08-10 11:14:14 [INFO    ] sdr_monitor (logger.py:65): Logger initialized  →  logs\sdr_monitor_20260810.log
2026-08-10 11:14:14 [DEBUG   ] sdr_monitor.signal_processor (signal_processor.py:85): SignalProcessor  fft=1024  window=hann  avg=3
2026-08-10 11:14:14 [INFO    ] sdr_monitor.db_manager (db_manager.py:29): Database initialized at: data/sdr_monitor.db
2026-08-10 11:14:15 [INFO    ] sdr_monitor.db_manager (db_manager.py:132): Session created: 7F3BE931 [simulation]
2026-08-10 11:14:16 [INFO    ] sdr_monitor.sdr_engine (sdr_engine.py:224): HackRF One detected and configured.
2026-08-10 11:14:16 [INFO    ] sdr_monitor.sdr_engine (sdr_engine.py:458): SDREngine initialized in hardware mode.
2026-08-10 11:14:16 [INFO    ] sdr_monitor.db_manager (db_manager.py:132): Session created: 0896FB0B [hardware]
2026-08-10 11:14:16 [INFO    ] sdr_monitor.web_backend (main.py:196): SDR started in [HARDWARE] mode. Session: 0896FB0B
2026-08-10 11:14:16 [INFO    ] sdr_monitor.web_backend (main.py:215): Web-SDR Application Started. Session: 0896FB0B
2026-08-10 11:21:13 [INFO    ] sdr_monitor.web_backend (main.py:219): Shutting down Web-SDR Application...
2026-08-10 11:21:29 [INFO    ] sdr_monitor (logger.py:65): Logger initialized  →  logs\sdr_monitor_20260810.log
2026-08-10 11:21:29 [DEBUG   ] sdr_monitor.signal_processor (signal_processor.py:85): SignalProcessor  fft=1024  window=hann  avg=3
2026-08-10 11:21:29 [INFO    ] sdr_monitor.db_manager (db_manager.py:29): Database initialized at: data/sdr_monitor.db
2026-08-10 11:21:30 [INFO    ] sdr_monitor.db_manager (db_manager.py:132): Session created: 077C525F [simulation]
2026-08-10 11:21:30 [INFO    ] sdr_monitor.sdr_engine (sdr_engine.py:224): HackRF One detected and configured.
2026-08-10 11:21:30 [INFO    ] sdr_monitor.sdr_engine (sdr_engine.py:458): SDREngine initialized in hardware mode.
2026-08-10 11:21:30 [INFO    ] sdr_monitor.db_manager (db_manager.py:132): Session created: 01D33963 [hardware]
2026-08-10 11:21:30 [INFO    ] sdr_monitor.web_backend (main.py:196): SDR started in [HARDWARE] mode. Session: 01D33963
2026-08-10 11:21:30 [INFO    ] sdr_monitor.web_backend (main.py:215): Web-SDR Application Started. Session: 01D33963
2026-08-10 11:21:53 [INFO    ] sdr_monitor.sdr_engine (sdr_engine.py:224): HackRF One detected and configured.
2026-08-10 11:21:53 [INFO    ] sdr_monitor.sdr_engine (sdr_engine.py:458): SDREngine initialized in simulation mode.
2026-08-10 11:21:53 [INFO    ] sdr_monitor.sdr_engine (sdr_engine.py:224): HackRF One detected and configured.
2026-08-10 11:21:53 [INFO    ] sdr_monitor.sdr_engine (sdr_engine.py:458): SDREngine initialized in hardware mode.
2026-08-10 11:21:53 [INFO    ] sdr_monitor.db_manager (db_manager.py:132): Session created: E5D707EF [simulation]
2026-08-10 11:21:53 [INFO    ] sdr_monitor.web_backend (main.py:423): Hardware reload requested; engine now in simulation mode.
2026-08-10 11:21:53 [INFO    ] sdr_monitor.db_manager (db_manager.py:132): Session created: DCBDBCCC [hardware]
2026-08-10 11:21:59 [INFO    ] sdr_monitor.sdr_engine (sdr_engine.py:224): HackRF One detected and configured.
2026-08-10 11:21:59 [INFO    ] sdr_monitor.sdr_engine (sdr_engine.py:458): SDREngine initialized in hardware mode.
2026-08-10 11:21:59 [INFO    ] sdr_monitor.db_manager (db_manager.py:132): Session created: C41D577B [hardware]
2026-08-10 11:21:59 [INFO    ] sdr_monitor.web_backend (main.py:423): Hardware reload requested; engine now in hardware mode.
2026-08-10 11:32:15 [INFO    ] sdr_monitor.sdr_engine (sdr_engine.py:224): HackRF One detected and configured.
2026-08-10 11:32:15 [INFO    ] sdr_monitor.sdr_engine (sdr_engine.py:458): SDREngine initialized in hardware mode.
2026-08-10 11:32:16 [INFO    ] sdr_monitor.db_manager (db_manager.py:132): Session created: B4D44271 [hardware]
2026-08-10 11:32:16 [INFO    ] sdr_monitor.web_backend (main.py:196): SDR started in [HARDWARE] mode. Session: B4D44271
2026-08-10 11:32:19 [INFO    ] sdr_monitor.web_backend (main.py:547): Client disconnected from WebSocket.
2026-08-10 11:33:19 [INFO    ] sdr_monitor.web_backend (main.py:556): Audio WebSocket client connected.
2026-08-10 11:33:19 [INFO    ] sdr_monitor.web_backend (main.py:579): Audio streaming started for 99.197741 MHz in FM mode
2026-08-10 11:34:59 [INFO    ] sdr_monitor.web_backend (main.py:583): Audio streaming stopped.
2026-08-10 11:34:59 [INFO    ] sdr_monitor.web_backend (main.py:585): Audio WebSocket client disconnected.
2026-08-10 11:34:59 [INFO    ] sdr_monitor.web_backend (main.py:556): Audio WebSocket client connected.
2026-08-10 11:34:59 [INFO    ] sdr_monitor.web_backend (main.py:579): Audio streaming started for 99.433637 MHz in FM mode
2026-08-10 11:35:04 [INFO    ] sdr_monitor.web_backend (main.py:583): Audio streaming stopped.
2026-08-10 11:35:04 [INFO    ] sdr_monitor.web_backend (main.py:585): Audio WebSocket client disconnected.
2026-08-10 11:35:05 [INFO    ] sdr_monitor.web_backend (main.py:556): Audio WebSocket client connected.
2026-08-10 11:35:05 [INFO    ] sdr_monitor.web_backend (main.py:579): Audio streaming started for 99.433637 MHz in AM mode
2026-08-10 11:35:07 [INFO    ] sdr_monitor.web_backend (main.py:583): Audio streaming stopped.
2026-08-10 11:35:07 [INFO    ] sdr_monitor.web_backend (main.py:585): Audio WebSocket client disconnected.
2026-08-10 11:35:09 [INFO    ] sdr_monitor.web_backend (main.py:556): Audio WebSocket client connected.
2026-08-10 11:35:09 [INFO    ] sdr_monitor.web_backend (main.py:579): Audio streaming started for 99.433637 MHz in FM mode
2026-08-10 11:35:10 [INFO    ] sdr_monitor.web_backend (main.py:583): Audio streaming stopped.
2026-08-10 11:35:10 [INFO    ] sdr_monitor.web_backend (main.py:585): Audio WebSocket client disconnected.
2026-08-10 11:35:33 [INFO    ] sdr_monitor.web_backend (main.py:556): Audio WebSocket client connected.
2026-08-10 11:35:33 [INFO    ] sdr_monitor.web_backend (main.py:579): Audio streaming started for 99.433637 MHz in FM mode
2026-08-10 11:35:39 [INFO    ] sdr_monitor.web_backend (main.py:583): Audio streaming stopped.
2026-08-10 11:35:39 [INFO    ] sdr_monitor.web_backend (main.py:585): Audio WebSocket client disconnected.
2026-08-10 11:48:29 [INFO    ] sdr_monitor.web_backend (main.py:556): Audio WebSocket client connected.
2026-08-10 11:48:29 [INFO    ] sdr_monitor.web_backend (main.py:579): Audio streaming started for 99.433637 MHz in FM mode
2026-08-10 11:48:46 [INFO    ] sdr_monitor.web_backend (main.py:583): Audio streaming stopped.
2026-08-10 11:48:46 [INFO    ] sdr_monitor.web_backend (main.py:585): Audio WebSocket client disconnected.
2026-08-10 11:48:51 [INFO    ] sdr_monitor.web_backend (main.py:556): Audio WebSocket client connected.
2026-08-10 11:48:51 [INFO    ] sdr_monitor.web_backend (main.py:579): Audio streaming started for 99.21074 MHz in FM mode
2026-08-10 11:49:00 [INFO    ] sdr_monitor.web_backend (main.py:583): Audio streaming stopped.
2026-08-10 11:49:00 [INFO    ] sdr_monitor.web_backend (main.py:585): Audio WebSocket client disconnected.
2026-08-10 11:49:01 [INFO    ] sdr_monitor.web_backend (main.py:556): Audio WebSocket client connected.
2026-08-10 11:49:01 [INFO    ] sdr_monitor.web_backend (main.py:579): Audio streaming started for 100.00304 MHz in FM mode
2026-08-10 11:49:20 [INFO    ] sdr_monitor.web_backend (main.py:583): Audio streaming stopped.
2026-08-10 11:49:20 [INFO    ] sdr_monitor.web_backend (main.py:585): Audio WebSocket client disconnected.
2026-08-10 11:50:06 [INFO    ] sdr_monitor.sdr_engine (sdr_engine.py:224): HackRF One detected and configured.
2026-08-10 11:50:06 [INFO    ] sdr_monitor.sdr_engine (sdr_engine.py:458): SDREngine initialized in hardware mode.
2026-08-10 11:50:06 [INFO    ] sdr_monitor.db_manager (db_manager.py:132): Session created: E3E0A5D2 [hardware]
2026-08-10 11:50:06 [INFO    ] sdr_monitor.web_backend (main.py:196): SDR started in [HARDWARE] mode. Session: E3E0A5D2
2026-08-10 11:52:46 [INFO    ] sdr_monitor.web_backend (main.py:556): Audio WebSocket client connected.
2026-08-10 11:52:46 [INFO    ] sdr_monitor.web_backend (main.py:579): Audio streaming started for 101.171226 MHz in FM mode
2026-08-10 11:53:36 [INFO    ] sdr_monitor.web_backend (main.py:583): Audio streaming stopped.
2026-08-10 11:53:36 [INFO    ] sdr_monitor.web_backend (main.py:585): Audio WebSocket client disconnected.
2026-08-10 14:41:59 [INFO    ] sdr_monitor.web_backend (main.py:219): Shutting down Web-SDR Application...
