2026-07-22 11:02:13 [INFO    ] sdr_monitor (logger.py:65): Logger initialized  →  logs\sdr_monitor_20260722.log
2026-07-22 11:02:13 [DEBUG   ] sdr_monitor.signal_processor (signal_processor.py:84): SignalProcessor  fft=2048  window=hann  avg=3
2026-07-22 11:02:13 [INFO    ] sdr_monitor.db_manager (db_manager.py:29): Database initialized at: data/sdr_monitor.db
2026-07-22 11:02:14 [INFO    ] sdr_monitor.db_manager (db_manager.py:132): Session created: E3F6AD23 [simulation]
2026-07-22 11:02:35 [INFO    ] sdr_monitor.sdr_engine (sdr_engine.py:204): HackRF One detected and configured.
2026-07-22 11:02:36 [INFO    ] sdr_monitor.sdr_engine (sdr_engine.py:432): SDREngine initialized in hardware mode.
2026-07-22 11:02:37 [INFO    ] sdr_monitor.db_manager (db_manager.py:132): Session created: 4D0366C3 [hardware]
2026-07-22 11:02:37 [INFO    ] sdr_monitor.web_backend (main.py:174): SDR started in [HARDWARE] mode. Session: 4D0366C3
2026-07-22 11:02:37 [INFO    ] sdr_monitor.web_backend (main.py:192): Web-SDR Application Started. Session: 4D0366C3
2026-07-22 12:40:23 [INFO    ] sdr_monitor.web_backend (main.py:196): Shutting down Web-SDR Application...
2026-07-22 13:01:22 [INFO    ] sdr_monitor (logger.py:65): Logger initialized  →  logs\sdr_monitor_20260722.log
2026-07-22 13:01:22 [DEBUG   ] sdr_monitor.signal_processor (signal_processor.py:84): SignalProcessor  fft=2048  window=hann  avg=3
2026-07-22 13:01:22 [INFO    ] sdr_monitor.db_manager (db_manager.py:29): Database initialized at: data/sdr_monitor.db
2026-07-22 13:01:23 [INFO    ] sdr_monitor.db_manager (db_manager.py:132): Session created: 9C461CA5 [simulation]
2026-07-22 13:01:25 [INFO    ] sdr_monitor.sdr_engine (sdr_engine.py:204): HackRF One detected and configured.
2026-07-22 13:01:25 [INFO    ] sdr_monitor.sdr_engine (sdr_engine.py:432): SDREngine initialized in hardware mode.
2026-07-22 13:01:26 [INFO    ] sdr_monitor.db_manager (db_manager.py:132): Session created: FBE91154 [hardware]
2026-07-22 13:01:26 [INFO    ] sdr_monitor.web_backend (main.py:174): SDR started in [HARDWARE] mode. Session: FBE91154
2026-07-22 13:01:26 [INFO    ] sdr_monitor.web_backend (main.py:192): Web-SDR Application Started. Session: FBE91154
2026-07-22 13:11:10 [INFO    ] sdr_monitor.web_backend (main.py:196): Shutting down Web-SDR Application...
2026-07-22 13:14:30 [INFO    ] sdr_monitor (logger.py:65): Logger initialized  →  logs\sdr_monitor_20260722.log
2026-07-22 13:14:30 [DEBUG   ] sdr_monitor.signal_processor (signal_processor.py:84): SignalProcessor  fft=2048  window=hann  avg=3
2026-07-22 13:14:30 [INFO    ] sdr_monitor.db_manager (db_manager.py:29): Database initialized at: data/sdr_monitor.db
2026-07-22 13:14:30 [INFO    ] sdr_monitor.db_manager (db_manager.py:132): Session created: AC3E9967 [simulation]
2026-07-22 13:14:30 [INFO    ] sdr_monitor.sdr_engine (sdr_engine.py:204): HackRF One detected and configured.
2026-07-22 13:14:30 [INFO    ] sdr_monitor.sdr_engine (sdr_engine.py:432): SDREngine initialized in hardware mode.
2026-07-22 13:14:31 [INFO    ] sdr_monitor.db_manager (db_manager.py:132): Session created: BAC6D5ED [hardware]
2026-07-22 13:14:31 [INFO    ] sdr_monitor.web_backend (main.py:174): SDR started in [HARDWARE] mode. Session: BAC6D5ED
2026-07-22 13:14:31 [INFO    ] sdr_monitor.web_backend (main.py:192): Web-SDR Application Started. Session: BAC6D5ED
2026-07-22 13:14:42 [INFO    ] sdr_monitor.web_backend (main.py:412): Client disconnected from WebSocket.
2026-07-22 14:05:13 [INFO    ] sdr_monitor.sdr_engine (sdr_engine.py:204): HackRF One detected and configured.
2026-07-22 14:05:13 [INFO    ] sdr_monitor.sdr_engine (sdr_engine.py:432): SDREngine initialized in hardware mode.
2026-07-22 14:05:13 [INFO    ] sdr_monitor.db_manager (db_manager.py:132): Session created: 267C362C [hardware]
2026-07-22 14:05:13 [INFO    ] sdr_monitor.web_backend (main.py:174): SDR started in [HARDWARE] mode. Session: 267C362C
2026-07-22 14:55:43 [INFO    ] sdr_monitor.web_backend (main.py:196): Shutting down Web-SDR Application...
