2026-07-15 08:38:21 [INFO    ] sdr_monitor (logger.py:65): Logger initialized  →  logs\sdr_monitor_20260715.log
2026-07-15 08:38:21 [DEBUG   ] sdr_monitor.signal_processor (signal_processor.py:84): SignalProcessor  fft=2048  window=hann  avg=3
2026-07-15 08:38:21 [INFO    ] sdr_monitor.db_manager (db_manager.py:29): Database initialized at: data/sdr_monitor.db
2026-07-15 08:38:21 [INFO    ] sdr_monitor.db_manager (db_manager.py:132): Session created: 76CF6C1A [simulation]
2026-07-15 08:38:22 [INFO    ] sdr_monitor.sdr_engine (sdr_engine.py:204): HackRF One detected and configured.
2026-07-15 08:38:22 [INFO    ] sdr_monitor.sdr_engine (sdr_engine.py:432): SDREngine initialized in hardware mode.
2026-07-15 08:38:23 [INFO    ] sdr_monitor.db_manager (db_manager.py:132): Session created: 4F36A37C [hardware]
2026-07-15 08:38:23 [INFO    ] sdr_monitor.web_backend (main.py:120): SDR started in [HARDWARE] mode. Session: 4F36A37C
2026-07-15 08:38:23 [INFO    ] sdr_monitor.web_backend (main.py:138): Web-SDR Application Started. Session: 4F36A37C
2026-07-15 08:40:20 [INFO    ] sdr_monitor.sdr_engine (sdr_engine.py:204): HackRF One detected and configured.
2026-07-15 08:40:20 [INFO    ] sdr_monitor.sdr_engine (sdr_engine.py:432): SDREngine initialized in hardware mode.
2026-07-15 08:40:20 [INFO    ] sdr_monitor.db_manager (db_manager.py:132): Session created: E604BE6F [hardware]
2026-07-15 08:40:20 [INFO    ] sdr_monitor.web_backend (main.py:120): SDR started in [HARDWARE] mode. Session: E604BE6F
2026-07-15 08:50:32 [INFO    ] sdr_monitor.web_backend (main.py:142): Shutting down Web-SDR Application...
2026-07-15 08:50:54 [INFO    ] sdr_monitor (logger.py:65): Logger initialized  →  logs\sdr_monitor_20260715.log
2026-07-15 08:50:54 [DEBUG   ] sdr_monitor.signal_processor (signal_processor.py:84): SignalProcessor  fft=2048  window=hann  avg=3
2026-07-15 08:50:54 [INFO    ] sdr_monitor.db_manager (db_manager.py:29): Database initialized at: data/sdr_monitor.db
2026-07-15 08:50:55 [INFO    ] sdr_monitor.db_manager (db_manager.py:132): Session created: 7DE2824D [simulation]
2026-07-15 08:50:55 [INFO    ] sdr_monitor.sdr_engine (sdr_engine.py:204): HackRF One detected and configured.
2026-07-15 08:50:55 [INFO    ] sdr_monitor.sdr_engine (sdr_engine.py:432): SDREngine initialized in hardware mode.
2026-07-15 08:50:55 [INFO    ] sdr_monitor.db_manager (db_manager.py:132): Session created: 37058BB7 [hardware]
2026-07-15 08:50:55 [INFO    ] sdr_monitor.web_backend (main.py:120): SDR started in [HARDWARE] mode. Session: 37058BB7
2026-07-15 08:50:55 [INFO    ] sdr_monitor.web_backend (main.py:138): Web-SDR Application Started. Session: 37058BB7
2026-07-15 10:00:30 [INFO    ] sdr_monitor.web_backend (main.py:142): Shutting down Web-SDR Application...
2026-07-15 11:17:59 [INFO    ] sdr_monitor (logger.py:65): Logger initialized  →  logs\sdr_monitor_20260715.log
2026-07-15 11:17:59 [DEBUG   ] sdr_monitor.signal_processor (signal_processor.py:84): SignalProcessor  fft=2048  window=hann  avg=3
2026-07-15 11:17:59 [INFO    ] sdr_monitor.db_manager (db_manager.py:29): Database initialized at: data/sdr_monitor.db
2026-07-15 11:17:59 [INFO    ] sdr_monitor.db_manager (db_manager.py:132): Session created: 1A3A5C7F [simulation]
2026-07-15 11:18:00 [INFO    ] sdr_monitor.sdr_engine (sdr_engine.py:204): HackRF One detected and configured.
2026-07-15 11:18:00 [INFO    ] sdr_monitor.sdr_engine (sdr_engine.py:432): SDREngine initialized in hardware mode.
2026-07-15 11:18:00 [INFO    ] sdr_monitor.db_manager (db_manager.py:132): Session created: 38712BE7 [hardware]
2026-07-15 11:18:00 [INFO    ] sdr_monitor.web_backend (main.py:120): SDR started in [HARDWARE] mode. Session: 38712BE7
2026-07-15 11:18:00 [INFO    ] sdr_monitor.web_backend (main.py:138): Web-SDR Application Started. Session: 38712BE7
2026-07-15 11:26:18 [INFO    ] sdr_monitor.web_backend (main.py:142): Shutting down Web-SDR Application...
2026-07-15 11:26:30 [INFO    ] sdr_monitor (logger.py:65): Logger initialized  →  logs\sdr_monitor_20260715.log
2026-07-15 11:26:30 [DEBUG   ] sdr_monitor.signal_processor (signal_processor.py:84): SignalProcessor  fft=2048  window=hann  avg=3
2026-07-15 11:26:30 [INFO    ] sdr_monitor.db_manager (db_manager.py:29): Database initialized at: data/sdr_monitor.db
2026-07-15 11:26:31 [INFO    ] sdr_monitor.db_manager (db_manager.py:132): Session created: 01A454E9 [simulation]
2026-07-15 11:26:31 [INFO    ] sdr_monitor.sdr_engine (sdr_engine.py:204): HackRF One detected and configured.
2026-07-15 11:26:31 [INFO    ] sdr_monitor.sdr_engine (sdr_engine.py:432): SDREngine initialized in hardware mode.
2026-07-15 11:26:31 [INFO    ] sdr_monitor.db_manager (db_manager.py:132): Session created: C80D0A4A [hardware]
2026-07-15 11:26:31 [INFO    ] sdr_monitor.web_backend (main.py:174): SDR started in [HARDWARE] mode. Session: C80D0A4A
2026-07-15 11:26:31 [INFO    ] sdr_monitor.web_backend (main.py:192): Web-SDR Application Started. Session: C80D0A4A
2026-07-15 11:27:37 [INFO    ] sdr_monitor.sdr_engine (sdr_engine.py:204): HackRF One detected and configured.
2026-07-15 11:27:37 [INFO    ] sdr_monitor.sdr_engine (sdr_engine.py:432): SDREngine initialized in hardware mode.
2026-07-15 11:27:37 [INFO    ] sdr_monitor.db_manager (db_manager.py:132): Session created: 4D8C4C67 [hardware]
2026-07-15 11:27:37 [INFO    ] sdr_monitor.web_backend (main.py:174): SDR started in [HARDWARE] mode. Session: 4D8C4C67
2026-07-15 11:27:41 [INFO    ] sdr_monitor.web_backend (main.py:382): Client disconnected from WebSocket.
2026-07-15 11:35:56 [INFO    ] sdr_monitor.sdr_engine (sdr_engine.py:204): HackRF One detected and configured.
2026-07-15 11:35:56 [INFO    ] sdr_monitor.sdr_engine (sdr_engine.py:432): SDREngine initialized in hardware mode.
2026-07-15 11:35:56 [INFO    ] sdr_monitor.db_manager (db_manager.py:132): Session created: 8AECA50E [hardware]
2026-07-15 11:35:56 [INFO    ] sdr_monitor.web_backend (main.py:174): SDR started in [HARDWARE] mode. Session: 8AECA50E
2026-07-15 11:35:56 [INFO    ] sdr_monitor.web_backend (main.py:382): Client disconnected from WebSocket.
2026-07-15 11:42:01 [ERROR   ] sdr_monitor.web_backend (main.py:384): WebSocket error: Unexpected ASGI message 'websocket.send', after sending 'websocket.close'.
2026-07-15 12:17:15 [ERROR   ] sdr_monitor.web_backend (main.py:384): WebSocket error: Unexpected ASGI message 'websocket.send', after sending 'websocket.close'.
2026-07-15 12:19:10 [ERROR   ] sdr_monitor.web_backend (main.py:384): WebSocket error: Unexpected ASGI message 'websocket.send', after sending 'websocket.close'.
2026-07-15 12:20:40 [ERROR   ] sdr_monitor.web_backend (main.py:384): WebSocket error: Unexpected ASGI message 'websocket.send', after sending 'websocket.close'.
2026-07-15 12:22:07 [ERROR   ] sdr_monitor.web_backend (main.py:384): WebSocket error: Unexpected ASGI message 'websocket.send', after sending 'websocket.close'.
2026-07-15 12:23:18 [ERROR   ] sdr_monitor.web_backend (main.py:384): WebSocket error: Unexpected ASGI message 'websocket.send', after sending 'websocket.close'.
2026-07-15 12:24:45 [ERROR   ] sdr_monitor.web_backend (main.py:384): WebSocket error: Unexpected ASGI message 'websocket.send', after sending 'websocket.close'.
2026-07-15 12:25:57 [ERROR   ] sdr_monitor.web_backend (main.py:384): WebSocket error: Unexpected ASGI message 'websocket.send', after sending 'websocket.close'.
2026-07-15 12:27:26 [ERROR   ] sdr_monitor.web_backend (main.py:384): WebSocket error: Unexpected ASGI message 'websocket.send', after sending 'websocket.close'.
2026-07-15 12:28:41 [ERROR   ] sdr_monitor.web_backend (main.py:384): WebSocket error: Unexpected ASGI message 'websocket.send', after sending 'websocket.close'.
2026-07-15 12:29:57 [ERROR   ] sdr_monitor.web_backend (main.py:384): WebSocket error: Unexpected ASGI message 'websocket.send', after sending 'websocket.close'.
2026-07-15 12:31:15 [ERROR   ] sdr_monitor.web_backend (main.py:384): WebSocket error: Unexpected ASGI message 'websocket.send', after sending 'websocket.close'.
2026-07-15 13:37:19 [INFO    ] sdr_monitor.sdr_engine (sdr_engine.py:204): HackRF One detected and configured.
2026-07-15 13:37:19 [INFO    ] sdr_monitor.sdr_engine (sdr_engine.py:432): SDREngine initialized in hardware mode.
2026-07-15 13:37:19 [INFO    ] sdr_monitor.db_manager (db_manager.py:132): Session created: DB9F25AE [hardware]
2026-07-15 13:37:19 [INFO    ] sdr_monitor.web_backend (main.py:174): SDR started in [HARDWARE] mode. Session: DB9F25AE
2026-07-15 13:39:06 [ERROR   ] sdr_monitor.web_backend (main.py:384): WebSocket error: Unexpected ASGI message 'websocket.send', after sending 'websocket.close'.
2026-07-15 14:18:02 [INFO    ] sdr_monitor.web_backend (main.py:382): Client disconnected from WebSocket.
2026-07-15 14:18:03 [INFO    ] sdr_monitor.web_backend (main.py:196): Shutting down Web-SDR Application...
