2026-07-16 14:04:46 [INFO    ] sdr_monitor (logger.py:65): Logger initialized  →  logs\sdr_monitor_20260716.log
2026-07-16 14:04:46 [DEBUG   ] sdr_monitor.signal_processor (signal_processor.py:84): SignalProcessor  fft=2048  window=hann  avg=3
2026-07-16 14:04:46 [INFO    ] sdr_monitor.db_manager (db_manager.py:29): Database initialized at: data/sdr_monitor.db
2026-07-16 14:04:47 [INFO    ] sdr_monitor.db_manager (db_manager.py:132): Session created: A3E37CF1 [simulation]
2026-07-16 14:04:48 [INFO    ] sdr_monitor.sdr_engine (sdr_engine.py:198): SoapySDR: no HackRF device found. Enumerated devices: ()
2026-07-16 14:04:48 [INFO    ] sdr_monitor.sdr_engine (sdr_engine.py:432): SDREngine initialized in simulation mode.
2026-07-16 14:04:48 [INFO    ] sdr_monitor.db_manager (db_manager.py:132): Session created: A4A3D038 [simulation]
2026-07-16 14:04:48 [INFO    ] sdr_monitor.web_backend (main.py:174): SDR started in [SIMULATION] mode. Session: A4A3D038
2026-07-16 14:04:48 [INFO    ] sdr_monitor.web_backend (main.py:192): Web-SDR Application Started. Session: A4A3D038
2026-07-16 14:05:00 [INFO    ] sdr_monitor.web_backend (main.py:412): Client disconnected from WebSocket.
2026-07-16 14:06:19 [INFO    ] sdr_monitor.web_backend (main.py:374): Localization point captured: Captured from UI (RSSI=-60.0 dBm)
2026-07-16 14:10:50 [INFO    ] sdr_monitor.web_backend (main.py:382): Localization points reset.
2026-07-16 14:10:52 [INFO    ] sdr_monitor.web_backend (main.py:382): Localization points reset.
2026-07-16 14:26:21 [INFO    ] sdr_monitor.web_backend (main.py:382): Localization points reset.
2026-07-16 14:28:11 [INFO    ] sdr_monitor.web_backend (main.py:374): Localization point captured: Captured from UI (RSSI=-60.0 dBm)
2026-07-16 14:28:18 [INFO    ] sdr_monitor.web_backend (main.py:374): Localization point captured: Captured from UI (RSSI=-60.0 dBm)
2026-07-16 14:28:31 [INFO    ] sdr_monitor.web_backend (main.py:374): Localization point captured: Captured from UI (RSSI=-60.0 dBm)
2026-07-16 14:28:31 [INFO    ] sdr_monitor.localization (localization.py:206): Trilateration: lat=-6.209268  lon=106.845727  RMS=1.0 m  n_pts=3
2026-07-16 14:28:37 [INFO    ] sdr_monitor.localization (localization.py:206): Trilateration: lat=-6.209268  lon=106.845727  RMS=1.0 m  n_pts=3
2026-07-16 14:28:45 [INFO    ] sdr_monitor.web_backend (main.py:382): Localization points reset.
2026-07-16 14:29:33 [INFO    ] sdr_monitor.web_backend (main.py:374): Localization point captured: Captured from UI (RSSI=-60.0 dBm)
2026-07-16 14:41:13 [INFO    ] sdr_monitor.sdr_engine (sdr_engine.py:198): SoapySDR: no HackRF device found. Enumerated devices: ()
2026-07-16 14:41:13 [INFO    ] sdr_monitor.sdr_engine (sdr_engine.py:432): SDREngine initialized in simulation mode.
2026-07-16 14:41:13 [INFO    ] sdr_monitor.db_manager (db_manager.py:132): Session created: 3772230A [simulation]
2026-07-16 14:41:13 [INFO    ] sdr_monitor.web_backend (main.py:174): SDR started in [SIMULATION] mode. Session: 3772230A
2026-07-16 14:41:13 [INFO    ] sdr_monitor.web_backend (main.py:412): Client disconnected from WebSocket.
2026-07-16 14:41:13 [INFO    ] sdr_monitor.web_backend (main.py:412): Client disconnected from WebSocket.
2026-07-16 14:41:17 [INFO    ] sdr_monitor.iq_recorder (iq_recorder.py:156): Recording started: recordings\iq_100.000MHz_20260716_144117.iq  (center=100.000 MHz  sr=2000.0 ksps)
2026-07-16 14:44:25 [INFO    ] sdr_monitor.web_backend (main.py:196): Shutting down Web-SDR Application...
2026-07-16 14:44:25 [INFO    ] sdr_monitor.iq_recorder (iq_recorder.py:197): Recording stopped: 188.2 s  1875968 samples  14.31 MB
