2026-09-02 14:15:56 [INFO    ] sdr_monitor (logger.py:65): Logger initialized  →  logs\sdr_monitor_20260902.log
2026-09-02 14:15:56 [DEBUG   ] sdr_monitor.signal_processor (signal_processor.py:85): SignalProcessor  fft=1024  window=hann  avg=3
2026-09-02 14:15:57 [INFO    ] sdr_monitor.db_manager (db_manager.py:29): Database initialized at: data/sdr_monitor.db
2026-09-02 14:15:57 [DEBUG   ] sdr_monitor.audio_demodulator (audio_demodulator.py:54): AudioDemodulator init: target=48000 Hz, baseband=200000 Hz, chunk=50 ms
2026-09-02 14:15:57 [INFO    ] sdr_monitor.db_manager (db_manager.py:132): Session created: 88EA6BA2 [simulation]
2026-09-02 14:21:42 [INFO    ] sdr_monitor (logger.py:65): Logger initialized  →  logs\sdr_monitor_20260902.log
2026-09-02 14:21:42 [DEBUG   ] sdr_monitor.signal_processor (signal_processor.py:85): SignalProcessor  fft=1024  window=hann  avg=3
2026-09-02 14:21:44 [INFO    ] sdr_monitor.db_manager (db_manager.py:29): Database initialized at: data/sdr_monitor.db
2026-09-02 14:21:44 [DEBUG   ] sdr_monitor.audio_demodulator (audio_demodulator.py:54): AudioDemodulator init: target=48000 Hz, baseband=200000 Hz, chunk=50 ms
2026-09-02 14:21:45 [INFO    ] sdr_monitor.db_manager (db_manager.py:132): Session created: E1AFF5F4 [simulation]
2026-09-02 14:21:45 [INFO    ] sdr_monitor.web_backend (main.py:257): Web-SDR Application Started. Session: E1AFF5F4
2026-09-02 14:21:45 [INFO    ] sdr_monitor.web_backend (main.py:258): SDR++ audio bridge started on UDP 127.0.0.1:7355
2026-09-02 14:21:52 [INFO    ] sdr_monitor.sdr_engine (sdr_engine.py:218): SoapySDR: no HackRF device found. Enumerated devices: ()
2026-09-02 14:21:52 [INFO    ] sdr_monitor.sdr_engine (sdr_engine.py:465): SDREngine initialized in simulation mode.
2026-09-02 14:21:53 [INFO    ] sdr_monitor.db_manager (db_manager.py:132): Session created: AFC2AA64 [simulation]
2026-09-02 14:21:53 [INFO    ] sdr_monitor.web_backend (main.py:231): SDR started in [SIMULATION] mode. Session: AFC2AA64
2026-09-02 14:21:53 [INFO    ] sdr_monitor.web_backend (main.py:262): Web-SDR Application Started. Session: AFC2AA64
2026-09-02 14:25:02 [INFO    ] sdr_monitor.sdr_engine (sdr_engine.py:218): SoapySDR: no HackRF device found. Enumerated devices: ()
2026-09-02 14:25:02 [INFO    ] sdr_monitor.sdr_engine (sdr_engine.py:465): SDREngine initialized in simulation mode.
2026-09-02 14:25:02 [INFO    ] sdr_monitor.db_manager (db_manager.py:132): Session created: A8F362BE [simulation]
2026-09-02 14:25:02 [INFO    ] sdr_monitor.web_backend (main.py:231): SDR started in [SIMULATION] mode. Session: A8F362BE
2026-09-02 14:26:42 [INFO    ] sdr_monitor.sdr_engine (sdr_engine.py:218): SoapySDR: no HackRF device found. Enumerated devices: ()
2026-09-02 14:26:42 [INFO    ] sdr_monitor.sdr_engine (sdr_engine.py:465): SDREngine initialized in simulation mode.
2026-09-02 14:26:42 [INFO    ] sdr_monitor.db_manager (db_manager.py:132): Session created: 0A7EE800 [simulation]
2026-09-02 14:26:42 [INFO    ] sdr_monitor.web_backend (main.py:231): SDR started in [SIMULATION] mode. Session: 0A7EE800
2026-09-02 14:26:49 [INFO    ] sdr_monitor.web_backend (main.py:609): Audio WebSocket client connected.
2026-09-02 14:26:49 [DEBUG   ] sdr_monitor.audio_demodulator (audio_demodulator.py:124): AudioDemodulator: filter states reset
2026-09-02 14:26:49 [INFO    ] sdr_monitor.web_backend (main.py:664): Audio streaming started for 88.0 MHz in FM mode
2026-09-02 14:26:52 [ERROR   ] sdr_monitor.web_backend (main.py:650): Audio send task error: 'AudioDemodulator' object has no attribute 'get_stats'
Traceback (most recent call last):
  File "D:\JEAN FILE\Magang\Web-SDR\main.py", line 642, in send_audio
    stats = audio_demod.get_stats()
AttributeError: 'AudioDemodulator' object has no attribute 'get_stats'
2026-09-02 14:27:49 [INFO    ] sdr_monitor.web_backend (main.py:678): Audio streaming stopped.
2026-09-02 14:27:49 [INFO    ] sdr_monitor.web_backend (main.py:680): Audio WebSocket client disconnected.
2026-09-02 14:27:54 [INFO    ] sdr_monitor.web_backend (main.py:609): Audio WebSocket client connected.
2026-09-02 14:27:54 [DEBUG   ] sdr_monitor.audio_demodulator (audio_demodulator.py:124): AudioDemodulator: filter states reset
2026-09-02 14:27:54 [INFO    ] sdr_monitor.web_backend (main.py:664): Audio streaming started for 108.0 MHz in FM mode
2026-09-02 14:27:57 [ERROR   ] sdr_monitor.web_backend (main.py:650): Audio send task error: 'AudioDemodulator' object has no attribute 'get_stats'
Traceback (most recent call last):
  File "D:\JEAN FILE\Magang\Web-SDR\main.py", line 642, in send_audio
    stats = audio_demod.get_stats()
AttributeError: 'AudioDemodulator' object has no attribute 'get_stats'
2026-09-02 14:28:06 [INFO    ] sdr_monitor.web_backend (main.py:678): Audio streaming stopped.
2026-09-02 14:28:06 [INFO    ] sdr_monitor.web_backend (main.py:680): Audio WebSocket client disconnected.
2026-09-02 14:28:13 [INFO    ] sdr_monitor.sdr_engine (sdr_engine.py:218): SoapySDR: no HackRF device found. Enumerated devices: ()
2026-09-02 14:28:13 [INFO    ] sdr_monitor.sdr_engine (sdr_engine.py:465): SDREngine initialized in simulation mode.
2026-09-02 14:28:14 [INFO    ] sdr_monitor.db_manager (db_manager.py:132): Session created: 2DE6EC72 [simulation]
2026-09-02 14:28:14 [INFO    ] sdr_monitor.web_backend (main.py:476): Hardware reload requested; engine now in simulation mode.
2026-09-02 14:28:31 [INFO    ] sdr_monitor.sdr_engine (sdr_engine.py:218): SoapySDR: no HackRF device found. Enumerated devices: ()
2026-09-02 14:28:31 [INFO    ] sdr_monitor.sdr_engine (sdr_engine.py:465): SDREngine initialized in simulation mode.
2026-09-02 14:28:32 [INFO    ] sdr_monitor.db_manager (db_manager.py:132): Session created: F527AA0C [simulation]
2026-09-02 14:28:32 [INFO    ] sdr_monitor.web_backend (main.py:476): Hardware reload requested; engine now in simulation mode.
2026-09-02 14:28:36 [INFO    ] sdr_monitor.sdr_engine (sdr_engine.py:218): SoapySDR: no HackRF device found. Enumerated devices: ()
2026-09-02 14:28:36 [INFO    ] sdr_monitor.sdr_engine (sdr_engine.py:465): SDREngine initialized in simulation mode.
2026-09-02 14:28:36 [INFO    ] sdr_monitor.db_manager (db_manager.py:132): Session created: 4E6C59C3 [simulation]
2026-09-02 14:28:36 [INFO    ] sdr_monitor.web_backend (main.py:476): Hardware reload requested; engine now in simulation mode.
2026-09-02 14:28:46 [INFO    ] sdr_monitor.web_backend (main.py:600): Client disconnected from WebSocket.
2026-09-02 14:28:46 [INFO    ] sdr_monitor.web_backend (main.py:266): Shutting down Web-SDR Application...
2026-09-02 15:42:54 [INFO    ] sdr_monitor (logger.py:65): Logger initialized  →  logs\sdr_monitor_20260902.log
2026-09-02 15:42:54 [DEBUG   ] sdr_monitor.signal_processor (signal_processor.py:85): SignalProcessor  fft=1024  window=hann  avg=3
2026-09-02 15:42:54 [INFO    ] sdr_monitor.db_manager (db_manager.py:29): Database initialized at: data/sdr_monitor.db
2026-09-02 15:42:54 [DEBUG   ] sdr_monitor.audio_demodulator (audio_demodulator.py:54): AudioDemodulator init: target=48000 Hz, baseband=200000 Hz, chunk=50 ms
2026-09-02 15:42:55 [INFO    ] sdr_monitor.db_manager (db_manager.py:132): Session created: 53F10710 [simulation]
2026-09-02 15:42:55 [INFO    ] sdr_monitor.web_backend (main.py:257): Web-SDR Application Started. Session: 53F10710
2026-09-02 15:42:55 [INFO    ] sdr_monitor.web_backend (main.py:258): SDR++ audio bridge started on UDP 127.0.0.1:7355
2026-09-02 15:42:56 [INFO    ] sdr_monitor.sdr_engine (sdr_engine.py:218): SoapySDR: no HackRF device found. Enumerated devices: ()
2026-09-02 15:42:56 [INFO    ] sdr_monitor.sdr_engine (sdr_engine.py:465): SDREngine initialized in simulation mode.
2026-09-02 15:42:56 [INFO    ] sdr_monitor.db_manager (db_manager.py:132): Session created: 20201E37 [simulation]
2026-09-02 15:42:56 [INFO    ] sdr_monitor.web_backend (main.py:231): SDR started in [SIMULATION] mode. Session: 20201E37
2026-09-02 15:42:56 [INFO    ] sdr_monitor.web_backend (main.py:262): Web-SDR Application Started. Session: 20201E37
2026-09-02 15:43:31 [INFO    ] sdr_monitor.sdr_engine (sdr_engine.py:218): SoapySDR: no HackRF device found. Enumerated devices: ()
2026-09-02 15:43:31 [INFO    ] sdr_monitor.sdr_engine (sdr_engine.py:465): SDREngine initialized in simulation mode.
2026-09-02 15:43:31 [INFO    ] sdr_monitor.db_manager (db_manager.py:132): Session created: B919ED42 [simulation]
2026-09-02 15:43:31 [INFO    ] sdr_monitor.web_backend (main.py:231): SDR started in [SIMULATION] mode. Session: B919ED42
2026-09-02 16:18:28 [INFO    ] sdr_monitor.web_backend (main.py:600): Client disconnected from WebSocket.
2026-09-02 16:18:39 [INFO    ] sdr_monitor.web_backend (main.py:266): Shutting down Web-SDR Application...
