2026-07-30 09:43:44 [INFO    ] sdr_monitor (logger.py:65): Logger initialized  →  logs\sdr_monitor_20260730.log
2026-07-30 09:43:44 [DEBUG   ] sdr_monitor.signal_processor (signal_processor.py:85): SignalProcessor  fft=2048  window=hann  avg=3
2026-07-30 09:43:44 [INFO    ] sdr_monitor.db_manager (db_manager.py:29): Database initialized at: data/sdr_monitor.db
2026-07-30 09:43:44 [INFO    ] sdr_monitor.db_manager (db_manager.py:132): Session created: 29D09865 [simulation]
2026-07-30 09:43:46 [INFO    ] sdr_monitor.sdr_engine (sdr_engine.py:198): SoapySDR: no HackRF device found. Enumerated devices: ()
2026-07-30 09:43:46 [INFO    ] sdr_monitor.sdr_engine (sdr_engine.py:432): SDREngine initialized in simulation mode.
2026-07-30 09:43:46 [INFO    ] sdr_monitor.db_manager (db_manager.py:132): Session created: E0D929CA [simulation]
2026-07-30 09:43:46 [INFO    ] sdr_monitor.web_backend (main.py:175): SDR started in [SIMULATION] mode. Session: E0D929CA
2026-07-30 09:43:46 [INFO    ] sdr_monitor.web_backend (main.py:193): Web-SDR Application Started. Session: E0D929CA
2026-07-30 09:45:36 [INFO    ] sdr_monitor.sdr_engine (sdr_engine.py:198): SoapySDR: no HackRF device found. Enumerated devices: ()
2026-07-30 09:45:36 [INFO    ] sdr_monitor.sdr_engine (sdr_engine.py:432): SDREngine initialized in simulation mode.
2026-07-30 09:45:37 [INFO    ] sdr_monitor.db_manager (db_manager.py:132): Session created: 013A6D0B [simulation]
2026-07-30 09:45:37 [INFO    ] sdr_monitor.web_backend (main.py:175): SDR started in [SIMULATION] mode. Session: 013A6D0B
2026-07-30 09:47:16 [INFO    ] sdr_monitor.web_backend (main.py:496): Client disconnected from WebSocket.
2026-07-30 09:47:16 [INFO    ] sdr_monitor.web_backend (main.py:197): Shutting down Web-SDR Application...
2026-07-30 09:52:49 [INFO    ] sdr_monitor (logger.py:65): Logger initialized  →  logs\sdr_monitor_20260730.log
2026-07-30 09:52:49 [DEBUG   ] sdr_monitor.signal_processor (signal_processor.py:85): SignalProcessor  fft=2048  window=hann  avg=3
2026-07-30 09:52:50 [INFO    ] sdr_monitor.db_manager (db_manager.py:29): Database initialized at: data/sdr_monitor.db
2026-07-30 09:52:50 [INFO    ] sdr_monitor.db_manager (db_manager.py:132): Session created: 61998226 [simulation]
2026-07-30 09:52:51 [INFO    ] sdr_monitor.sdr_engine (sdr_engine.py:217): HackRF One detected and configured.
2026-07-30 09:52:51 [INFO    ] sdr_monitor.sdr_engine (sdr_engine.py:445): SDREngine initialized in hardware mode.
2026-07-30 09:52:51 [INFO    ] sdr_monitor.db_manager (db_manager.py:132): Session created: 67B1575D [hardware]
2026-07-30 09:52:51 [INFO    ] sdr_monitor.web_backend (main.py:194): SDR started in [HARDWARE] mode. Session: 67B1575D
2026-07-30 09:52:51 [INFO    ] sdr_monitor.web_backend (main.py:213): Web-SDR Application Started. Session: 67B1575D
2026-07-30 09:54:26 [INFO    ] sdr_monitor.web_backend (main.py:516): Client disconnected from WebSocket.
2026-07-30 09:54:41 [INFO    ] sdr_monitor.web_backend (main.py:525): Audio WebSocket client connected.
2026-07-30 09:54:41 [INFO    ] sdr_monitor.web_backend (main.py:547): Audio streaming started for 100.239 MHz
2026-07-30 09:54:55 [INFO    ] sdr_monitor.web_backend (main.py:551): Audio streaming stopped.
2026-07-30 09:54:55 [INFO    ] sdr_monitor.web_backend (main.py:553): Audio WebSocket client disconnected.
2026-07-30 09:54:56 [INFO    ] sdr_monitor.web_backend (main.py:525): Audio WebSocket client connected.
2026-07-30 09:54:56 [INFO    ] sdr_monitor.web_backend (main.py:547): Audio streaming started for 100.66484 MHz
2026-07-30 09:55:08 [INFO    ] sdr_monitor.web_backend (main.py:551): Audio streaming stopped.
2026-07-30 09:55:08 [INFO    ] sdr_monitor.web_backend (main.py:553): Audio WebSocket client disconnected.
2026-07-30 09:55:30 [INFO    ] sdr_monitor.sdr_engine (sdr_engine.py:217): HackRF One detected and configured.
2026-07-30 09:55:30 [INFO    ] sdr_monitor.sdr_engine (sdr_engine.py:445): SDREngine initialized in hardware mode.
2026-07-30 09:55:30 [INFO    ] sdr_monitor.db_manager (db_manager.py:132): Session created: 23EEE7FD [hardware]
2026-07-30 09:55:30 [INFO    ] sdr_monitor.web_backend (main.py:194): SDR started in [HARDWARE] mode. Session: 23EEE7FD
2026-07-30 09:55:46 [INFO    ] sdr_monitor.sdr_engine (sdr_engine.py:217): HackRF One detected and configured.
2026-07-30 09:55:46 [INFO    ] sdr_monitor.sdr_engine (sdr_engine.py:445): SDREngine initialized in hardware mode.
2026-07-30 09:55:46 [INFO    ] sdr_monitor.db_manager (db_manager.py:132): Session created: 12BB2635 [hardware]
2026-07-30 09:55:46 [INFO    ] sdr_monitor.web_backend (main.py:194): SDR started in [HARDWARE] mode. Session: 12BB2635
2026-07-30 09:57:15 [INFO    ] sdr_monitor.web_backend (main.py:217): Shutting down Web-SDR Application...
