2026-07-14 09:25:22 [INFO    ] sdr_monitor (logger.py:65): Logger initialized  →  logs\sdr_monitor_20260714.log
2026-07-14 09:25:22 [DEBUG   ] sdr_monitor.signal_processor (signal_processor.py:81): SignalProcessor  fft=2048  window=hann  avg=3
2026-07-14 09:25:23 [INFO    ] sdr_monitor.db_manager (db_manager.py:29): Database initialized at: data/sdr_monitor.db
2026-07-14 09:25:26 [INFO    ] sdr_monitor.db_manager (db_manager.py:132): Session created: D7914DEF [simulation]
2026-07-14 09:25:26 [WARNING ] sdr_monitor.sdr_engine (sdr_engine.py:194): SoapySDR not installed – falling back to simulation.
2026-07-14 09:25:27 [INFO    ] sdr_monitor.sdr_engine (sdr_engine.py:419): SDREngine initialized in simulation mode.
2026-07-14 09:25:29 [INFO    ] sdr_monitor.db_manager (db_manager.py:132): Session created: B5FB2AA9 [simulation]
2026-07-14 09:25:30 [INFO    ] sdr_monitor.web_backend (main.py:111): SDR started in [SIMULATION] mode. Session: B5FB2AA9
2026-07-14 09:25:30 [INFO    ] sdr_monitor.web_backend (main.py:129): Web-SDR Application Started. Session: B5FB2AA9
2026-07-14 09:36:22 [INFO    ] sdr_monitor.web_backend (main.py:133): Shutting down Web-SDR Application...
2026-07-14 10:04:51 [INFO    ] sdr_monitor (logger.py:65): Logger initialized  →  logs\sdr_monitor_20260714.log
2026-07-14 10:04:51 [DEBUG   ] sdr_monitor.signal_processor (signal_processor.py:81): SignalProcessor  fft=2048  window=hann  avg=3
2026-07-14 10:04:51 [INFO    ] sdr_monitor.db_manager (db_manager.py:29): Database initialized at: data/sdr_monitor.db
2026-07-14 10:04:51 [INFO    ] sdr_monitor.db_manager (db_manager.py:132): Session created: 3B6EE9CD [simulation]
2026-07-14 10:04:51 [INFO    ] sdr_monitor.sdr_engine (sdr_engine.py:191): HackRF One detected and configured.
2026-07-14 10:04:51 [INFO    ] sdr_monitor.sdr_engine (sdr_engine.py:419): SDREngine initialized in hardware mode.
2026-07-14 10:04:52 [INFO    ] sdr_monitor.db_manager (db_manager.py:132): Session created: 9CB0CE4C [hardware]
2026-07-14 10:04:52 [INFO    ] sdr_monitor.web_backend (main.py:111): SDR started in [HARDWARE] mode. Session: 9CB0CE4C
2026-07-14 10:04:52 [INFO    ] sdr_monitor.web_backend (main.py:129): Web-SDR Application Started. Session: 9CB0CE4C
2026-07-14 10:04:52 [ERROR   ] sdr_monitor.sdr_engine (sdr_engine.py:287): Hardware streaming error: 'SpectrumResult' object has no attribute 'peaks'
2026-07-14 10:14:00 [INFO    ] sdr_monitor.web_backend (main.py:133): Shutting down Web-SDR Application...
2026-07-14 10:30:20 [INFO    ] sdr_monitor (logger.py:65): Logger initialized  →  logs\sdr_monitor_20260714.log
2026-07-14 10:30:20 [DEBUG   ] sdr_monitor.signal_processor (signal_processor.py:81): SignalProcessor  fft=2048  window=hann  avg=3
2026-07-14 10:30:20 [INFO    ] sdr_monitor.db_manager (db_manager.py:29): Database initialized at: data/sdr_monitor.db
2026-07-14 10:30:20 [INFO    ] sdr_monitor.db_manager (db_manager.py:132): Session created: 93E7EFC8 [simulation]
2026-07-14 10:30:21 [INFO    ] sdr_monitor.sdr_engine (sdr_engine.py:191): HackRF One detected and configured.
2026-07-14 10:30:21 [INFO    ] sdr_monitor.sdr_engine (sdr_engine.py:419): SDREngine initialized in hardware mode.
2026-07-14 10:30:21 [INFO    ] sdr_monitor.db_manager (db_manager.py:132): Session created: AEB80727 [hardware]
2026-07-14 10:30:21 [INFO    ] sdr_monitor.web_backend (main.py:111): SDR started in [HARDWARE] mode. Session: AEB80727
2026-07-14 10:30:21 [INFO    ] sdr_monitor.web_backend (main.py:129): Web-SDR Application Started. Session: AEB80727
2026-07-14 10:30:21 [ERROR   ] sdr_monitor.sdr_engine (sdr_engine.py:287): Hardware streaming error: 'SpectrumResult' object has no attribute 'peaks'
2026-07-14 10:54:35 [INFO    ] sdr_monitor.web_backend (main.py:133): Shutting down Web-SDR Application...
2026-07-14 10:54:52 [INFO    ] sdr_monitor (logger.py:65): Logger initialized  →  logs\sdr_monitor_20260714.log
2026-07-14 10:54:52 [DEBUG   ] sdr_monitor.signal_processor (signal_processor.py:84): SignalProcessor  fft=2048  window=hann  avg=3
2026-07-14 10:54:52 [INFO    ] sdr_monitor.db_manager (db_manager.py:29): Database initialized at: data/sdr_monitor.db
2026-07-14 10:54:52 [INFO    ] sdr_monitor.db_manager (db_manager.py:132): Session created: 8380549F [simulation]
2026-07-14 10:54:53 [INFO    ] sdr_monitor.sdr_engine (sdr_engine.py:191): HackRF One detected and configured.
2026-07-14 10:54:53 [INFO    ] sdr_monitor.sdr_engine (sdr_engine.py:419): SDREngine initialized in hardware mode.
2026-07-14 10:54:53 [INFO    ] sdr_monitor.db_manager (db_manager.py:132): Session created: 70057715 [hardware]
2026-07-14 10:54:53 [INFO    ] sdr_monitor.web_backend (main.py:112): SDR started in [HARDWARE] mode. Session: 70057715
2026-07-14 10:54:53 [INFO    ] sdr_monitor.web_backend (main.py:130): Web-SDR Application Started. Session: 70057715
2026-07-14 10:54:53 [ERROR   ] sdr_monitor.sdr_engine (sdr_engine.py:287): Hardware streaming error: Detection.__init__() missing 4 required positional arguments: 'id', 'duration_ms', 'status', and 'classification'
2026-07-14 10:58:52 [INFO    ] sdr_monitor.web_backend (main.py:134): Shutting down Web-SDR Application...
2026-07-14 10:59:01 [INFO    ] sdr_monitor (logger.py:65): Logger initialized  →  logs\sdr_monitor_20260714.log
2026-07-14 10:59:01 [DEBUG   ] sdr_monitor.signal_processor (signal_processor.py:84): SignalProcessor  fft=2048  window=hann  avg=3
2026-07-14 10:59:01 [INFO    ] sdr_monitor.db_manager (db_manager.py:29): Database initialized at: data/sdr_monitor.db
2026-07-14 10:59:01 [INFO    ] sdr_monitor.db_manager (db_manager.py:132): Session created: 6801509F [simulation]
2026-07-14 10:59:01 [INFO    ] sdr_monitor.sdr_engine (sdr_engine.py:191): HackRF One detected and configured.
2026-07-14 10:59:01 [INFO    ] sdr_monitor.sdr_engine (sdr_engine.py:419): SDREngine initialized in hardware mode.
2026-07-14 10:59:01 [INFO    ] sdr_monitor.db_manager (db_manager.py:132): Session created: 489A834D [hardware]
2026-07-14 10:59:01 [INFO    ] sdr_monitor.web_backend (main.py:112): SDR started in [HARDWARE] mode. Session: 489A834D
2026-07-14 10:59:01 [INFO    ] sdr_monitor.web_backend (main.py:130): Web-SDR Application Started. Session: 489A834D
2026-07-14 10:59:01 [ERROR   ] sdr_monitor.sdr_engine (sdr_engine.py:287): Hardware streaming error: Detection.__init__() missing 4 required positional arguments: 'id', 'duration_ms', 'status', and 'classification'
2026-07-14 10:59:52 [INFO    ] sdr_monitor.web_backend (main.py:134): Shutting down Web-SDR Application...
2026-07-14 11:00:01 [INFO    ] sdr_monitor (logger.py:65): Logger initialized  →  logs\sdr_monitor_20260714.log
2026-07-14 11:00:01 [DEBUG   ] sdr_monitor.signal_processor (signal_processor.py:84): SignalProcessor  fft=2048  window=hann  avg=3
2026-07-14 11:00:01 [INFO    ] sdr_monitor.db_manager (db_manager.py:29): Database initialized at: data/sdr_monitor.db
2026-07-14 11:00:02 [INFO    ] sdr_monitor.db_manager (db_manager.py:132): Session created: E9D71633 [simulation]
2026-07-14 11:00:02 [INFO    ] sdr_monitor.sdr_engine (sdr_engine.py:191): HackRF One detected and configured.
2026-07-14 11:00:02 [INFO    ] sdr_monitor.sdr_engine (sdr_engine.py:419): SDREngine initialized in hardware mode.
2026-07-14 11:00:02 [INFO    ] sdr_monitor.db_manager (db_manager.py:132): Session created: 1A566515 [hardware]
2026-07-14 11:00:02 [INFO    ] sdr_monitor.web_backend (main.py:112): SDR started in [HARDWARE] mode. Session: 1A566515
2026-07-14 11:00:02 [INFO    ] sdr_monitor.web_backend (main.py:130): Web-SDR Application Started. Session: 1A566515
2026-07-14 11:00:02 [ERROR   ] sdr_monitor.sdr_engine (sdr_engine.py:287): Hardware streaming error: Detection.__init__() missing 4 required positional arguments: 'id', 'duration_ms', 'status', and 'classification'
2026-07-14 11:01:13 [INFO    ] sdr_monitor.web_backend (main.py:134): Shutting down Web-SDR Application...
2026-07-14 11:01:26 [INFO    ] sdr_monitor (logger.py:65): Logger initialized  →  logs\sdr_monitor_20260714.log
2026-07-14 11:01:26 [DEBUG   ] sdr_monitor.signal_processor (signal_processor.py:84): SignalProcessor  fft=2048  window=hann  avg=3
2026-07-14 11:01:26 [INFO    ] sdr_monitor.db_manager (db_manager.py:29): Database initialized at: data/sdr_monitor.db
2026-07-14 11:01:27 [INFO    ] sdr_monitor.db_manager (db_manager.py:132): Session created: 2A212EF8 [simulation]
2026-07-14 11:01:27 [INFO    ] sdr_monitor.sdr_engine (sdr_engine.py:204): HackRF One detected and configured.
2026-07-14 11:01:27 [INFO    ] sdr_monitor.sdr_engine (sdr_engine.py:432): SDREngine initialized in hardware mode.
2026-07-14 11:01:28 [INFO    ] sdr_monitor.db_manager (db_manager.py:132): Session created: AB80A0DF [hardware]
2026-07-14 11:01:28 [INFO    ] sdr_monitor.web_backend (main.py:112): SDR started in [HARDWARE] mode. Session: AB80A0DF
2026-07-14 11:01:28 [INFO    ] sdr_monitor.web_backend (main.py:130): Web-SDR Application Started. Session: AB80A0DF
2026-07-14 11:01:28 [ERROR   ] sdr_monitor.sdr_engine (sdr_engine.py:300): Hardware streaming error: Detection.__init__() missing 4 required positional arguments: 'id', 'duration_ms', 'status', and 'classification'
2026-07-14 11:02:26 [INFO    ] sdr_monitor.web_backend (main.py:134): Shutting down Web-SDR Application...
2026-07-14 11:53:27 [INFO    ] sdr_monitor (logger.py:65): Logger initialized  →  logs\sdr_monitor_20260714.log
2026-07-14 11:53:27 [DEBUG   ] sdr_monitor.signal_processor (signal_processor.py:84): SignalProcessor  fft=2048  window=hann  avg=3
2026-07-14 11:53:28 [INFO    ] sdr_monitor.db_manager (db_manager.py:29): Database initialized at: data/sdr_monitor.db
2026-07-14 11:53:28 [INFO    ] sdr_monitor.db_manager (db_manager.py:132): Session created: B5E8F01D [simulation]
2026-07-14 11:53:28 [INFO    ] sdr_monitor.sdr_engine (sdr_engine.py:204): HackRF One detected and configured.
2026-07-14 11:53:28 [INFO    ] sdr_monitor.sdr_engine (sdr_engine.py:432): SDREngine initialized in hardware mode.
2026-07-14 11:53:29 [INFO    ] sdr_monitor.db_manager (db_manager.py:132): Session created: 02353FD5 [hardware]
2026-07-14 11:53:29 [INFO    ] sdr_monitor.web_backend (main.py:112): SDR started in [HARDWARE] mode. Session: 02353FD5
2026-07-14 11:53:29 [INFO    ] sdr_monitor.web_backend (main.py:130): Web-SDR Application Started. Session: 02353FD5
2026-07-14 11:53:29 [ERROR   ] sdr_monitor.sdr_engine (sdr_engine.py:300): Hardware streaming error: Detection.__init__() missing 4 required positional arguments: 'id', 'duration_ms', 'status', and 'classification'
2026-07-14 12:39:31 [INFO    ] sdr_monitor.web_backend (main.py:134): Shutting down Web-SDR Application...
2026-07-14 12:39:47 [INFO    ] sdr_monitor (logger.py:65): Logger initialized  →  logs\sdr_monitor_20260714.log
2026-07-14 12:39:47 [DEBUG   ] sdr_monitor.signal_processor (signal_processor.py:84): SignalProcessor  fft=2048  window=hann  avg=3
2026-07-14 12:39:47 [INFO    ] sdr_monitor.db_manager (db_manager.py:29): Database initialized at: data/sdr_monitor.db
2026-07-14 12:39:47 [INFO    ] sdr_monitor.db_manager (db_manager.py:132): Session created: CAC08267 [simulation]
2026-07-14 12:39:48 [INFO    ] sdr_monitor.sdr_engine (sdr_engine.py:204): HackRF One detected and configured.
2026-07-14 12:39:48 [INFO    ] sdr_monitor.sdr_engine (sdr_engine.py:432): SDREngine initialized in hardware mode.
2026-07-14 12:39:48 [INFO    ] sdr_monitor.db_manager (db_manager.py:132): Session created: AE9298E2 [hardware]
2026-07-14 12:39:48 [INFO    ] sdr_monitor.web_backend (main.py:112): SDR started in [HARDWARE] mode. Session: AE9298E2
2026-07-14 12:39:48 [INFO    ] sdr_monitor.web_backend (main.py:130): Web-SDR Application Started. Session: AE9298E2
2026-07-14 12:39:48 [ERROR   ] sdr_monitor.sdr_engine (sdr_engine.py:300): Hardware streaming error: Detection.__init__() missing 4 required positional arguments: 'id', 'duration_ms', 'status', and 'classification'
2026-07-14 12:44:28 [INFO    ] sdr_monitor.web_backend (main.py:134): Shutting down Web-SDR Application...
2026-07-14 12:45:01 [INFO    ] sdr_monitor (logger.py:65): Logger initialized  →  logs\sdr_monitor_20260714.log
2026-07-14 12:45:01 [DEBUG   ] sdr_monitor.signal_processor (signal_processor.py:84): SignalProcessor  fft=2048  window=hann  avg=3
2026-07-14 12:45:02 [INFO    ] sdr_monitor.db_manager (db_manager.py:29): Database initialized at: data/sdr_monitor.db
2026-07-14 12:45:04 [INFO    ] sdr_monitor.db_manager (db_manager.py:132): Session created: 82554058 [simulation]
2026-07-14 12:45:04 [INFO    ] sdr_monitor.sdr_engine (sdr_engine.py:204): HackRF One detected and configured.
2026-07-14 12:45:04 [INFO    ] sdr_monitor.sdr_engine (sdr_engine.py:432): SDREngine initialized in hardware mode.
2026-07-14 12:45:05 [INFO    ] sdr_monitor.db_manager (db_manager.py:132): Session created: 9FB598A8 [hardware]
2026-07-14 12:45:05 [INFO    ] sdr_monitor.web_backend (main.py:116): SDR started in [HARDWARE] mode. Session: 9FB598A8
2026-07-14 12:45:05 [INFO    ] sdr_monitor.web_backend (main.py:134): Web-SDR Application Started. Session: 9FB598A8
2026-07-14 12:49:36 [INFO    ] sdr_monitor.web_backend (main.py:138): Shutting down Web-SDR Application...
2026-07-14 12:49:58 [INFO    ] sdr_monitor (logger.py:65): Logger initialized  →  logs\sdr_monitor_20260714.log
2026-07-14 12:49:58 [DEBUG   ] sdr_monitor.signal_processor (signal_processor.py:84): SignalProcessor  fft=2048  window=hann  avg=3
2026-07-14 12:49:58 [INFO    ] sdr_monitor.db_manager (db_manager.py:29): Database initialized at: data/sdr_monitor.db
2026-07-14 12:50:00 [INFO    ] sdr_monitor.db_manager (db_manager.py:132): Session created: A00EEA08 [simulation]
2026-07-14 12:50:01 [INFO    ] sdr_monitor.sdr_engine (sdr_engine.py:204): HackRF One detected and configured.
2026-07-14 12:50:01 [INFO    ] sdr_monitor.sdr_engine (sdr_engine.py:432): SDREngine initialized in hardware mode.
2026-07-14 12:50:01 [INFO    ] sdr_monitor.db_manager (db_manager.py:132): Session created: EBF841A8 [hardware]
2026-07-14 12:50:01 [INFO    ] sdr_monitor.web_backend (main.py:116): SDR started in [HARDWARE] mode. Session: EBF841A8
2026-07-14 12:50:01 [INFO    ] sdr_monitor.web_backend (main.py:134): Web-SDR Application Started. Session: EBF841A8
2026-07-14 13:01:25 [INFO    ] sdr_monitor.web_backend (main.py:138): Shutting down Web-SDR Application...
2026-07-14 13:01:55 [INFO    ] sdr_monitor (logger.py:65): Logger initialized  →  logs\sdr_monitor_20260714.log
2026-07-14 13:01:55 [DEBUG   ] sdr_monitor.signal_processor (signal_processor.py:84): SignalProcessor  fft=2048  window=hann  avg=3
2026-07-14 13:01:55 [INFO    ] sdr_monitor.db_manager (db_manager.py:29): Database initialized at: data/sdr_monitor.db
2026-07-14 13:01:56 [INFO    ] sdr_monitor.db_manager (db_manager.py:132): Session created: AB3965BE [simulation]
2026-07-14 13:01:56 [INFO    ] sdr_monitor.sdr_engine (sdr_engine.py:204): HackRF One detected and configured.
2026-07-14 13:01:56 [INFO    ] sdr_monitor.sdr_engine (sdr_engine.py:432): SDREngine initialized in hardware mode.
2026-07-14 13:01:57 [INFO    ] sdr_monitor.db_manager (db_manager.py:132): Session created: B1838ABE [hardware]
2026-07-14 13:01:57 [INFO    ] sdr_monitor.web_backend (main.py:116): SDR started in [HARDWARE] mode. Session: B1838ABE
2026-07-14 13:01:57 [INFO    ] sdr_monitor.web_backend (main.py:134): Web-SDR Application Started. Session: B1838ABE
2026-07-14 13:15:38 [INFO    ] sdr_monitor.web_backend (main.py:138): Shutting down Web-SDR Application...
2026-07-14 13:20:11 [INFO    ] sdr_monitor (logger.py:65): Logger initialized  →  logs\sdr_monitor_20260714.log
2026-07-14 13:20:11 [DEBUG   ] sdr_monitor.signal_processor (signal_processor.py:84): SignalProcessor  fft=2048  window=hann  avg=3
2026-07-14 13:20:11 [INFO    ] sdr_monitor.db_manager (db_manager.py:29): Database initialized at: data/sdr_monitor.db
2026-07-14 13:20:11 [INFO    ] sdr_monitor.db_manager (db_manager.py:132): Session created: 7140A857 [simulation]
2026-07-14 13:20:11 [INFO    ] sdr_monitor.sdr_engine (sdr_engine.py:204): HackRF One detected and configured.
2026-07-14 13:20:11 [INFO    ] sdr_monitor.sdr_engine (sdr_engine.py:432): SDREngine initialized in hardware mode.
2026-07-14 13:20:11 [INFO    ] sdr_monitor.db_manager (db_manager.py:132): Session created: DF21AEEF [hardware]
2026-07-14 13:20:11 [INFO    ] sdr_monitor.web_backend (main.py:116): SDR started in [HARDWARE] mode. Session: DF21AEEF
2026-07-14 13:20:11 [INFO    ] sdr_monitor.web_backend (main.py:134): Web-SDR Application Started. Session: DF21AEEF
2026-07-14 13:25:07 [INFO    ] sdr_monitor.web_backend (main.py:138): Shutting down Web-SDR Application...
2026-07-14 13:25:36 [INFO    ] sdr_monitor (logger.py:65): Logger initialized  →  logs\sdr_monitor_20260714.log
2026-07-14 13:25:36 [DEBUG   ] sdr_monitor.signal_processor (signal_processor.py:84): SignalProcessor  fft=2048  window=hann  avg=3
2026-07-14 13:25:36 [INFO    ] sdr_monitor.db_manager (db_manager.py:29): Database initialized at: data/sdr_monitor.db
2026-07-14 13:25:37 [INFO    ] sdr_monitor.db_manager (db_manager.py:132): Session created: 3DB0226B [simulation]
2026-07-14 13:25:37 [INFO    ] sdr_monitor.sdr_engine (sdr_engine.py:204): HackRF One detected and configured.
2026-07-14 13:25:37 [INFO    ] sdr_monitor.sdr_engine (sdr_engine.py:432): SDREngine initialized in hardware mode.
2026-07-14 13:25:38 [INFO    ] sdr_monitor.db_manager (db_manager.py:132): Session created: DBF2ADB7 [hardware]
2026-07-14 13:25:38 [INFO    ] sdr_monitor.web_backend (main.py:116): SDR started in [HARDWARE] mode. Session: DBF2ADB7
2026-07-14 13:25:38 [INFO    ] sdr_monitor.web_backend (main.py:134): Web-SDR Application Started. Session: DBF2ADB7
2026-07-14 13:34:40 [INFO    ] sdr_monitor.sdr_engine (sdr_engine.py:204): HackRF One detected and configured.
2026-07-14 13:34:40 [INFO    ] sdr_monitor.sdr_engine (sdr_engine.py:432): SDREngine initialized in hardware mode.
2026-07-14 13:34:40 [INFO    ] sdr_monitor.db_manager (db_manager.py:132): Session created: 3785C54D [hardware]
2026-07-14 13:34:40 [INFO    ] sdr_monitor.web_backend (main.py:116): SDR started in [HARDWARE] mode. Session: 3785C54D
2026-07-14 13:50:17 [INFO    ] sdr_monitor.sdr_engine (sdr_engine.py:204): HackRF One detected and configured.
2026-07-14 13:50:17 [INFO    ] sdr_monitor.sdr_engine (sdr_engine.py:432): SDREngine initialized in hardware mode.
2026-07-14 13:50:18 [INFO    ] sdr_monitor.db_manager (db_manager.py:132): Session created: 6485A6DC [hardware]
2026-07-14 13:50:18 [INFO    ] sdr_monitor.web_backend (main.py:116): SDR started in [HARDWARE] mode. Session: 6485A6DC
2026-07-14 14:03:58 [INFO    ] sdr_monitor.sdr_engine (sdr_engine.py:204): HackRF One detected and configured.
2026-07-14 14:03:58 [INFO    ] sdr_monitor.sdr_engine (sdr_engine.py:432): SDREngine initialized in hardware mode.
2026-07-14 14:03:59 [INFO    ] sdr_monitor.db_manager (db_manager.py:132): Session created: A8B0CFB2 [hardware]
2026-07-14 14:03:59 [INFO    ] sdr_monitor.web_backend (main.py:116): SDR started in [HARDWARE] mode. Session: A8B0CFB2
2026-07-14 14:16:22 [INFO    ] sdr_monitor.web_backend (main.py:138): Shutting down Web-SDR Application...
2026-07-14 14:16:34 [INFO    ] sdr_monitor (logger.py:65): Logger initialized  →  logs\sdr_monitor_20260714.log
2026-07-14 14:16:34 [DEBUG   ] sdr_monitor.signal_processor (signal_processor.py:84): SignalProcessor  fft=2048  window=hann  avg=3
2026-07-14 14:16:34 [INFO    ] sdr_monitor.db_manager (db_manager.py:29): Database initialized at: data/sdr_monitor.db
2026-07-14 14:16:34 [INFO    ] sdr_monitor.db_manager (db_manager.py:132): Session created: 926C06CD [simulation]
2026-07-14 14:16:35 [INFO    ] sdr_monitor.sdr_engine (sdr_engine.py:204): HackRF One detected and configured.
2026-07-14 14:16:35 [INFO    ] sdr_monitor.sdr_engine (sdr_engine.py:432): SDREngine initialized in hardware mode.
2026-07-14 14:16:35 [INFO    ] sdr_monitor.db_manager (db_manager.py:132): Session created: E8112DF9 [hardware]
2026-07-14 14:16:35 [INFO    ] sdr_monitor.web_backend (main.py:120): SDR started in [HARDWARE] mode. Session: E8112DF9
2026-07-14 14:16:35 [INFO    ] sdr_monitor.web_backend (main.py:138): Web-SDR Application Started. Session: E8112DF9
2026-07-14 14:16:41 [INFO    ] sdr_monitor.web_backend (main.py:328): Client disconnected from WebSocket.
2026-07-14 14:20:35 [INFO    ] sdr_monitor.web_backend (main.py:142): Shutting down Web-SDR Application...
2026-07-14 15:08:57 [INFO    ] sdr_monitor (logger.py:65): Logger initialized  →  logs\sdr_monitor_20260714.log
2026-07-14 15:08:57 [DEBUG   ] sdr_monitor.signal_processor (signal_processor.py:84): SignalProcessor  fft=2048  window=hann  avg=3
2026-07-14 15:08:57 [INFO    ] sdr_monitor.db_manager (db_manager.py:29): Database initialized at: data/sdr_monitor.db
2026-07-14 15:08:57 [INFO    ] sdr_monitor.db_manager (db_manager.py:132): Session created: 804D1D72 [simulation]
2026-07-14 15:08:57 [INFO    ] sdr_monitor.sdr_engine (sdr_engine.py:198): SoapySDR: no HackRF device found. Enumerated devices: ()
2026-07-14 15:08:57 [INFO    ] sdr_monitor.sdr_engine (sdr_engine.py:432): SDREngine initialized in simulation mode.
2026-07-14 15:08:58 [INFO    ] sdr_monitor.db_manager (db_manager.py:132): Session created: A7C99489 [simulation]
2026-07-14 15:08:58 [INFO    ] sdr_monitor.web_backend (main.py:120): SDR started in [SIMULATION] mode. Session: A7C99489
2026-07-14 15:08:58 [INFO    ] sdr_monitor.web_backend (main.py:138): Web-SDR Application Started. Session: A7C99489
2026-07-14 15:08:58 [INFO    ] sdr_monitor.web_backend (main.py:328): Client disconnected from WebSocket.
2026-07-14 15:09:35 [INFO    ] sdr_monitor.sdr_engine (sdr_engine.py:204): HackRF One detected and configured.
2026-07-14 15:09:35 [INFO    ] sdr_monitor.sdr_engine (sdr_engine.py:432): SDREngine initialized in hardware mode.
2026-07-14 15:09:35 [INFO    ] sdr_monitor.db_manager (db_manager.py:132): Session created: 40D49AA7 [hardware]
2026-07-14 15:09:35 [INFO    ] sdr_monitor.web_backend (main.py:263): Hardware reload requested; engine now in hardware mode.
2026-07-14 15:11:22 [INFO    ] sdr_monitor.web_backend (main.py:142): Shutting down Web-SDR Application...
2026-07-14 15:16:08 [INFO    ] sdr_monitor (logger.py:65): Logger initialized  →  logs\sdr_monitor_20260714.log
2026-07-14 15:16:08 [DEBUG   ] sdr_monitor.signal_processor (signal_processor.py:84): SignalProcessor  fft=2048  window=hann  avg=3
2026-07-14 15:16:08 [INFO    ] sdr_monitor.db_manager (db_manager.py:29): Database initialized at: data/sdr_monitor.db
2026-07-14 15:16:08 [INFO    ] sdr_monitor.db_manager (db_manager.py:132): Session created: 1494A784 [simulation]
2026-07-14 15:16:08 [INFO    ] sdr_monitor.sdr_engine (sdr_engine.py:198): SoapySDR: no HackRF device found. Enumerated devices: ()
2026-07-14 15:16:08 [INFO    ] sdr_monitor.sdr_engine (sdr_engine.py:432): SDREngine initialized in simulation mode.
2026-07-14 15:16:09 [INFO    ] sdr_monitor.db_manager (db_manager.py:132): Session created: 781F1A06 [simulation]
2026-07-14 15:16:09 [INFO    ] sdr_monitor.web_backend (main.py:120): SDR started in [SIMULATION] mode. Session: 781F1A06
2026-07-14 15:16:09 [INFO    ] sdr_monitor.web_backend (main.py:138): Web-SDR Application Started. Session: 781F1A06
2026-07-14 15:17:02 [INFO    ] sdr_monitor.sdr_engine (sdr_engine.py:198): SoapySDR: no HackRF device found. Enumerated devices: ()
2026-07-14 15:17:02 [INFO    ] sdr_monitor.sdr_engine (sdr_engine.py:432): SDREngine initialized in simulation mode.
2026-07-14 15:17:02 [INFO    ] sdr_monitor.db_manager (db_manager.py:132): Session created: 4CE22730 [simulation]
2026-07-14 15:17:02 [INFO    ] sdr_monitor.web_backend (main.py:120): SDR started in [SIMULATION] mode. Session: 4CE22730
2026-07-14 15:18:53 [INFO    ] sdr_monitor.sdr_engine (sdr_engine.py:198): SoapySDR: no HackRF device found. Enumerated devices: ()
2026-07-14 15:18:53 [INFO    ] sdr_monitor.sdr_engine (sdr_engine.py:432): SDREngine initialized in simulation mode.
2026-07-14 15:18:54 [INFO    ] sdr_monitor.db_manager (db_manager.py:132): Session created: 5F89A718 [simulation]
2026-07-14 15:18:54 [INFO    ] sdr_monitor.web_backend (main.py:120): SDR started in [SIMULATION] mode. Session: 5F89A718
2026-07-14 15:18:56 [INFO    ] sdr_monitor.sdr_engine (sdr_engine.py:198): SoapySDR: no HackRF device found. Enumerated devices: ()
2026-07-14 15:18:56 [INFO    ] sdr_monitor.sdr_engine (sdr_engine.py:432): SDREngine initialized in simulation mode.
2026-07-14 15:18:57 [INFO    ] sdr_monitor.db_manager (db_manager.py:132): Session created: FC8F7501 [simulation]
2026-07-14 15:18:57 [INFO    ] sdr_monitor.web_backend (main.py:120): SDR started in [SIMULATION] mode. Session: FC8F7501
2026-07-14 15:19:01 [INFO    ] sdr_monitor.sdr_engine (sdr_engine.py:198): SoapySDR: no HackRF device found. Enumerated devices: ()
2026-07-14 15:19:01 [INFO    ] sdr_monitor.sdr_engine (sdr_engine.py:432): SDREngine initialized in simulation mode.
2026-07-14 15:19:02 [INFO    ] sdr_monitor.db_manager (db_manager.py:132): Session created: 9EAC8A01 [simulation]
2026-07-14 15:19:02 [INFO    ] sdr_monitor.web_backend (main.py:120): SDR started in [SIMULATION] mode. Session: 9EAC8A01
2026-07-14 16:02:37 [INFO    ] sdr_monitor.web_backend (main.py:142): Shutting down Web-SDR Application...
2026-07-14 16:06:43 [INFO    ] sdr_monitor (logger.py:65): Logger initialized  →  logs\sdr_monitor_20260714.log
2026-07-14 16:06:43 [DEBUG   ] sdr_monitor.signal_processor (signal_processor.py:84): SignalProcessor  fft=2048  window=hann  avg=3
2026-07-14 16:06:43 [INFO    ] sdr_monitor.db_manager (db_manager.py:29): Database initialized at: data/sdr_monitor.db
2026-07-14 16:06:44 [INFO    ] sdr_monitor.db_manager (db_manager.py:132): Session created: 96ADCA29 [simulation]
2026-07-14 16:06:44 [INFO    ] sdr_monitor.sdr_engine (sdr_engine.py:204): HackRF One detected and configured.
2026-07-14 16:06:44 [INFO    ] sdr_monitor.sdr_engine (sdr_engine.py:432): SDREngine initialized in hardware mode.
2026-07-14 16:06:44 [INFO    ] sdr_monitor.db_manager (db_manager.py:132): Session created: 24401682 [hardware]
2026-07-14 16:06:44 [INFO    ] sdr_monitor.web_backend (main.py:120): SDR started in [HARDWARE] mode. Session: 24401682
2026-07-14 16:06:44 [INFO    ] sdr_monitor.web_backend (main.py:138): Web-SDR Application Started. Session: 24401682
2026-07-14 16:35:32 [INFO    ] sdr_monitor.web_backend (main.py:142): Shutting down Web-SDR Application...
