2026-08-26 14:56:44 [INFO    ] sdr_monitor (logger.py:65): Logger initialized  →  logs\sdr_monitor_20260826.log
2026-08-26 14:59:12 [DEBUG   ] sdr_monitor.signal_processor (signal_processor.py:85): SignalProcessor  fft=1024  window=hann  avg=3
2026-08-26 14:59:19 [INFO    ] sdr_monitor.db_manager (db_manager.py:29): Database initialized at: data/sdr_monitor.db
2026-08-26 14:59:55 [INFO    ] sdr_monitor.db_manager (db_manager.py:132): Session created: BD15327F [simulation]
2026-08-26 15:00:21 [INFO    ] sdr_monitor.sdr_engine (sdr_engine.py:218): SoapySDR: no HackRF device found. Enumerated devices: ()
2026-08-26 15:00:21 [INFO    ] sdr_monitor.sdr_engine (sdr_engine.py:458): SDREngine initialized in simulation mode.
2026-08-26 15:00:21 [INFO    ] sdr_monitor.db_manager (db_manager.py:132): Session created: D9AAC3F0 [simulation]
2026-08-26 15:00:21 [INFO    ] sdr_monitor.web_backend (main.py:224): SDR started in [SIMULATION] mode. Session: D9AAC3F0
2026-08-26 15:00:21 [INFO    ] sdr_monitor.web_backend (main.py:243): Web-SDR Application Started. Session: D9AAC3F0
2026-08-26 15:00:21 [INFO    ] sdr_monitor.web_backend (main.py:247): Shutting down Web-SDR Application...
2026-08-26 15:13:00 [INFO    ] sdr_monitor (logger.py:65): Logger initialized  →  logs\sdr_monitor_20260826.log
2026-08-26 15:13:00 [DEBUG   ] sdr_monitor.signal_processor (signal_processor.py:85): SignalProcessor  fft=1024  window=hann  avg=3
2026-08-26 15:13:00 [INFO    ] sdr_monitor.db_manager (db_manager.py:29): Database initialized at: data/sdr_monitor.db
2026-08-26 15:13:00 [INFO    ] sdr_monitor.db_manager (db_manager.py:132): Session created: 1B40ACD3 [simulation]
2026-08-26 15:13:00 [INFO    ] sdr_monitor.sdr_engine (sdr_engine.py:218): SoapySDR: no HackRF device found. Enumerated devices: ()
2026-08-26 15:13:00 [INFO    ] sdr_monitor.sdr_engine (sdr_engine.py:458): SDREngine initialized in simulation mode.
2026-08-26 15:13:01 [INFO    ] sdr_monitor.db_manager (db_manager.py:132): Session created: AAC3DB12 [simulation]
2026-08-26 15:13:01 [INFO    ] sdr_monitor.web_backend (main.py:224): SDR started in [SIMULATION] mode. Session: AAC3DB12
2026-08-26 15:13:01 [INFO    ] sdr_monitor.web_backend (main.py:243): Web-SDR Application Started. Session: AAC3DB12
2026-08-26 15:33:10 [INFO    ] sdr_monitor.web_backend (main.py:575): Client disconnected from WebSocket.
2026-08-26 15:33:29 [INFO    ] sdr_monitor.web_backend (main.py:575): Client disconnected from WebSocket.
2026-08-26 16:00:01 [INFO    ] sdr_monitor.web_backend (main.py:247): Shutting down Web-SDR Application...
