2026-07-02 08:22:00 [INFO    ] sdr_monitor (logger.py:65): Logger initialized  →  logs\sdr_monitor_20260702.log
2026-07-02 08:22:00 [INFO    ] sdr_monitor (main.py:30): Starting SDR Monitor application...
2026-07-02 08:22:07 [INFO    ] sdr_monitor.db_manager (db_manager.py:29): Database initialized at: data/sdr_monitor.db
2026-07-02 08:22:50 [INFO    ] sdr_monitor.main_window (main_window.py:115): SDR Spectrum Monitor — HackRF One v1.0.0 started.
2026-07-02 08:24:15 [WARNING ] sdr_monitor.sdr_engine (sdr_engine.py:195): SoapySDR not installed – falling back to simulation.
2026-07-02 08:24:15 [INFO    ] sdr_monitor.sdr_engine (sdr_engine.py:415): SDREngine initialized in simulation mode.
2026-07-02 08:24:15 [INFO    ] sdr_monitor.db_manager (db_manager.py:132): Session created: E6A2259A [simulation]
2026-07-02 08:24:15 [INFO    ] sdr_monitor.main_window (main_window.py:307): Scanning started. Session: E6A2259A
2026-07-02 08:26:09 [INFO    ] sdr_monitor.main_window (main_window.py:325): Scanning stopped.
2026-07-02 08:26:09 [WARNING ] sdr_monitor.sdr_engine (sdr_engine.py:195): SoapySDR not installed – falling back to simulation.
2026-07-02 08:26:09 [INFO    ] sdr_monitor.sdr_engine (sdr_engine.py:415): SDREngine initialized in simulation mode.
2026-07-02 08:26:10 [INFO    ] sdr_monitor.db_manager (db_manager.py:132): Session created: 368A9003 [simulation]
2026-07-02 08:26:10 [INFO    ] sdr_monitor.main_window (main_window.py:307): Scanning started. Session: 368A9003
2026-07-02 08:27:25 [INFO    ] sdr_monitor.main_window (main_window.py:325): Scanning stopped.
2026-07-02 08:29:52 [WARNING ] sdr_monitor.sdr_engine (sdr_engine.py:195): SoapySDR not installed – falling back to simulation.
2026-07-02 08:29:52 [INFO    ] sdr_monitor.sdr_engine (sdr_engine.py:415): SDREngine initialized in simulation mode.
2026-07-02 08:29:52 [INFO    ] sdr_monitor.db_manager (db_manager.py:132): Session created: A243C227 [simulation]
2026-07-02 08:29:52 [INFO    ] sdr_monitor.main_window (main_window.py:307): Scanning started. Session: A243C227
2026-07-02 08:30:53 [INFO    ] sdr_monitor.main_window (main_window.py:325): Scanning stopped.
2026-07-02 15:27:58 [INFO    ] sdr_monitor (logger.py:65): Logger initialized  →  logs\sdr_monitor_20260702.log
2026-07-02 15:27:58 [INFO    ] sdr_monitor (main.py:30): Starting SDR Monitor application...
2026-07-02 15:28:04 [INFO    ] sdr_monitor.db_manager (db_manager.py:29): Database initialized at: data/sdr_monitor.db
2026-07-02 15:28:40 [INFO    ] sdr_monitor.main_window (main_window.py:115): SDR Spectrum Monitor — HackRF One v1.0.0 started.
2026-07-02 15:29:19 [INFO    ] sdr_monitor (logger.py:65): Logger initialized  →  logs\sdr_monitor_20260702.log
2026-07-02 15:29:19 [INFO    ] sdr_monitor (main.py:30): Starting SDR Monitor application...
2026-07-02 15:29:19 [INFO    ] sdr_monitor.db_manager (db_manager.py:29): Database initialized at: data/sdr_monitor.db
2026-07-02 15:29:27 [INFO    ] sdr_monitor.main_window (main_window.py:115): SDR Spectrum Monitor — HackRF One v1.0.0 started.
2026-07-02 15:35:44 [INFO    ] sdr_monitor (logger.py:65): Logger initialized  →  logs\sdr_monitor_20260702.log
2026-07-02 15:35:44 [INFO    ] sdr_monitor (main.py:30): Starting SDR Monitor application...
2026-07-02 15:35:45 [INFO    ] sdr_monitor.db_manager (db_manager.py:29): Database initialized at: data/sdr_monitor.db
2026-07-02 15:35:52 [INFO    ] sdr_monitor.main_window (main_window.py:115): SDR Spectrum Monitor — HackRF One v1.0.0 started.
2026-07-02 15:36:09 [WARNING ] sdr_monitor.sdr_engine (sdr_engine.py:197): Hardware init failed: SoapySDR::Device::make() no match – using simulation.
2026-07-02 15:36:09 [INFO    ] sdr_monitor.sdr_engine (sdr_engine.py:415): SDREngine initialized in simulation mode.
2026-07-02 15:36:09 [INFO    ] sdr_monitor.db_manager (db_manager.py:132): Session created: 92E489FD [simulation]
2026-07-02 15:36:10 [INFO    ] sdr_monitor.main_window (main_window.py:307): Scanning started. Session: 92E489FD
2026-07-02 15:56:04 [INFO    ] sdr_monitor (logger.py:65): Logger initialized  →  logs\sdr_monitor_20260702.log
2026-07-02 15:56:04 [INFO    ] sdr_monitor (main.py:30): Starting SDR Monitor application...
2026-07-02 15:56:05 [INFO    ] sdr_monitor.db_manager (db_manager.py:29): Database initialized at: data/sdr_monitor.db
2026-07-02 15:56:14 [INFO    ] sdr_monitor.main_window (main_window.py:115): SDR Spectrum Monitor — HackRF One v1.0.0 started.
2026-07-02 16:04:24 [INFO    ] sdr_monitor.sdr_engine (sdr_engine.py:197): HackRF One detected and configured.
2026-07-02 16:04:24 [INFO    ] sdr_monitor.sdr_engine (sdr_engine.py:420): SDREngine initialized in hardware mode.
2026-07-02 16:04:24 [INFO    ] sdr_monitor.db_manager (db_manager.py:132): Session created: AFF6257F [hardware]
2026-07-02 16:04:24 [INFO    ] sdr_monitor.main_window (main_window.py:307): Scanning started. Session: AFF6257F
2026-07-02 16:22:03 [ERROR   ] sdr_monitor.main_window (main_window.py:364): Sample processing error: Unable to allocate 2.00 MiB for an array with shape (256, 2048) and data type float32
2026-07-02 16:22:11 [ERROR   ] sdr_monitor.sdr_engine (sdr_engine.py:290): Hardware streaming error: Unable to allocate 64.0 KiB for an array with shape (8192,) and data type complex64
2026-07-02 16:22:14 [ERROR   ] sdr_monitor.main_window (main_window.py:364): Sample processing error: Unable to allocate 2.00 MiB for an array with shape (256, 2048) and data type float32
2026-07-02 16:22:15 [ERROR   ] sdr_monitor.main_window (main_window.py:364): Sample processing error: Unable to allocate 2.00 MiB for an array with shape (256, 2048) and data type float32
2026-07-02 16:22:15 [ERROR   ] sdr_monitor.main_window (main_window.py:364): Sample processing error: Unable to allocate 2.00 MiB for an array with shape (256, 2048) and data type float32
2026-07-02 16:22:16 [ERROR   ] sdr_monitor.main_window (main_window.py:364): Sample processing error: Unable to allocate 2.00 MiB for an array with shape (256, 2048) and data type float32
2026-07-02 16:22:16 [ERROR   ] sdr_monitor.main_window (main_window.py:364): Sample processing error: Unable to allocate 2.00 MiB for an array with shape (256, 2048) and data type float32
2026-07-02 16:22:16 [ERROR   ] sdr_monitor.main_window (main_window.py:364): Sample processing error: Unable to allocate 2.00 MiB for an array with shape (256, 2048) and data type float32
2026-07-02 16:22:17 [ERROR   ] sdr_monitor.main_window (main_window.py:364): Sample processing error: Unable to allocate 2.00 MiB for an array with shape (256, 2048) and data type float32
2026-07-02 16:22:17 [ERROR   ] sdr_monitor.main_window (main_window.py:364): Sample processing error: Unable to allocate 2.00 MiB for an array with shape (256, 2048) and data type float32
2026-07-02 16:22:17 [ERROR   ] sdr_monitor.main_window (main_window.py:364): Sample processing error: Unable to allocate 2.00 MiB for an array with shape (256, 2048) and data type float32
2026-07-02 16:22:17 [ERROR   ] sdr_monitor.main_window (main_window.py:364): Sample processing error: Unable to allocate 2.00 MiB for an array with shape (256, 2048) and data type float32
2026-07-02 16:22:17 [ERROR   ] sdr_monitor.main_window (main_window.py:364): Sample processing error: Unable to allocate 2.00 MiB for an array with shape (256, 2048) and data type float32
2026-07-02 16:22:17 [ERROR   ] sdr_monitor.main_window (main_window.py:364): Sample processing error: Unable to allocate 2.00 MiB for an array with shape (256, 2048) and data type float32
2026-07-02 16:22:17 [ERROR   ] sdr_monitor.main_window (main_window.py:364): Sample processing error: Unable to allocate 2.00 MiB for an array with shape (256, 2048) and data type float32
2026-07-02 16:22:17 [ERROR   ] sdr_monitor.main_window (main_window.py:364): Sample processing error: Unable to allocate 2.00 MiB for an array with shape (256, 2048) and data type float32
2026-07-02 16:22:17 [ERROR   ] sdr_monitor.main_window (main_window.py:364): Sample processing error: Unable to allocate 2.00 MiB for an array with shape (256, 2048) and data type float32
2026-07-02 16:22:17 [ERROR   ] sdr_monitor.main_window (main_window.py:364): Sample processing error: Unable to allocate 2.00 MiB for an array with shape (256, 2048) and data type float32
2026-07-02 16:22:18 [ERROR   ] sdr_monitor.main_window (main_window.py:364): Sample processing error: Unable to allocate 2.00 MiB for an array with shape (256, 2048) and data type float32
2026-07-02 16:34:40 [INFO    ] sdr_monitor (logger.py:65): Logger initialized  →  logs\sdr_monitor_20260702.log
2026-07-02 16:34:40 [INFO    ] sdr_monitor (main.py:30): Starting SDR Monitor application...
2026-07-02 16:34:44 [INFO    ] sdr_monitor.db_manager (db_manager.py:29): Database initialized at: data/sdr_monitor.db
2026-07-02 16:35:08 [INFO    ] sdr_monitor.main_window (main_window.py:115): SDR Spectrum Monitor — HackRF One v1.0.0 started.
2026-07-02 16:48:07 [INFO    ] sdr_monitor (logger.py:65): Logger initialized  →  logs\sdr_monitor_20260702.log
2026-07-02 16:48:07 [INFO    ] sdr_monitor (main.py:30): Starting SDR Monitor application...
2026-07-02 16:48:09 [INFO    ] sdr_monitor.db_manager (db_manager.py:29): Database initialized at: data/sdr_monitor.db
2026-07-02 16:48:20 [INFO    ] sdr_monitor.main_window (main_window.py:115): SDR Spectrum Monitor — HackRF One v1.0.0 started.
2026-07-02 16:52:06 [WARNING ] sdr_monitor.sdr_engine (sdr_engine.py:200): SoapySDR not installed – falling back to simulation.
2026-07-02 16:52:06 [INFO    ] sdr_monitor.sdr_engine (sdr_engine.py:420): SDREngine initialized in simulation mode.
2026-07-02 16:52:07 [INFO    ] sdr_monitor.db_manager (db_manager.py:132): Session created: 8BCD9AFF [simulation]
2026-07-02 16:52:07 [INFO    ] sdr_monitor.main_window (main_window.py:307): Scanning started. Session: 8BCD9AFF
