2026-07-23 14:10:09 [INFO    ] sdr_monitor (logger.py:65): Logger initialized  →  logs\sdr_monitor_20260723.log
2026-07-23 14:10:09 [DEBUG   ] sdr_monitor.signal_processor (signal_processor.py:84): SignalProcessor  fft=2048  window=hann  avg=3
2026-07-23 14:10:10 [INFO    ] sdr_monitor.db_manager (db_manager.py:29): Database initialized at: data/sdr_monitor.db
2026-07-23 14:10:10 [INFO    ] sdr_monitor.db_manager (db_manager.py:132): Session created: 143BC4C8 [simulation]
2026-07-23 14:10:11 [INFO    ] sdr_monitor.sdr_engine (sdr_engine.py:198): SoapySDR: no HackRF device found. Enumerated devices: ()
2026-07-23 14:10:11 [INFO    ] sdr_monitor.sdr_engine (sdr_engine.py:432): SDREngine initialized in simulation mode.
2026-07-23 14:10:12 [INFO    ] sdr_monitor.db_manager (db_manager.py:132): Session created: C405C429 [simulation]
2026-07-23 14:10:12 [INFO    ] sdr_monitor.web_backend (main.py:174): SDR started in [SIMULATION] mode. Session: C405C429
2026-07-23 14:10:12 [INFO    ] sdr_monitor.web_backend (main.py:192): Web-SDR Application Started. Session: C405C429
2026-07-23 14:20:32 [INFO    ] sdr_monitor.web_backend (main.py:412): Client disconnected from WebSocket.
2026-07-23 14:25:36 [INFO    ] sdr_monitor.web_backend (main.py:412): Client disconnected from WebSocket.
2026-07-23 14:27:19 [INFO    ] sdr_monitor.sdr_engine (sdr_engine.py:198): SoapySDR: no HackRF device found. Enumerated devices: ()
2026-07-23 14:27:19 [INFO    ] sdr_monitor.sdr_engine (sdr_engine.py:432): SDREngine initialized in simulation mode.
2026-07-23 14:27:20 [INFO    ] sdr_monitor.db_manager (db_manager.py:132): Session created: 9CC09D84 [simulation]
2026-07-23 14:27:20 [INFO    ] sdr_monitor.web_backend (main.py:174): SDR started in [SIMULATION] mode. Session: 9CC09D84
2026-07-23 14:33:57 [ERROR   ] sdr_monitor.web_backend (main.py:414): WebSocket error: Unexpected ASGI message 'websocket.send', after sending 'websocket.close'.
2026-07-23 15:01:17 [INFO    ] sdr_monitor.web_backend (main.py:196): Shutting down Web-SDR Application...
2026-07-23 15:02:38 [INFO    ] sdr_monitor (logger.py:65): Logger initialized  →  logs\sdr_monitor_20260723.log
2026-07-23 15:02:38 [DEBUG   ] sdr_monitor.signal_processor (signal_processor.py:84): SignalProcessor  fft=2048  window=hann  avg=3
2026-07-23 15:02:38 [INFO    ] sdr_monitor.db_manager (db_manager.py:29): Database initialized at: data/sdr_monitor.db
2026-07-23 15:02:39 [INFO    ] sdr_monitor.db_manager (db_manager.py:132): Session created: 57B4EBFE [simulation]
2026-07-23 15:02:40 [INFO    ] sdr_monitor.sdr_engine (sdr_engine.py:198): SoapySDR: no HackRF device found. Enumerated devices: ()
2026-07-23 15:02:40 [INFO    ] sdr_monitor.sdr_engine (sdr_engine.py:432): SDREngine initialized in simulation mode.
2026-07-23 15:02:40 [INFO    ] sdr_monitor.db_manager (db_manager.py:132): Session created: 26BF37B1 [simulation]
2026-07-23 15:02:40 [INFO    ] sdr_monitor.web_backend (main.py:174): SDR started in [SIMULATION] mode. Session: 26BF37B1
2026-07-23 15:02:40 [INFO    ] sdr_monitor.web_backend (main.py:192): Web-SDR Application Started. Session: 26BF37B1
2026-07-23 15:34:24 [ERROR   ] sdr_monitor.web_backend (main.py:414): WebSocket error: Unexpected ASGI message 'websocket.send', after sending 'websocket.close'.
2026-07-23 16:06:44 [INFO    ] sdr_monitor.web_backend (main.py:412): Client disconnected from WebSocket.
2026-07-23 16:08:04 [INFO    ] sdr_monitor.web_backend (main.py:196): Shutting down Web-SDR Application...
