2026-07-13 15:10:15 [INFO    ] sdr_monitor (logger.py:65): Logger initialized  →  logs\sdr_monitor_20260713.log
2026-07-13 15:10:15 [DEBUG   ] sdr_monitor.signal_processor (signal_processor.py:81): SignalProcessor  fft=2048  window=hann  avg=3
2026-07-13 15:10:15 [INFO    ] sdr_monitor.db_manager (db_manager.py:29): Database initialized at: data/sdr_monitor.db
2026-07-13 15:10:16 [INFO    ] sdr_monitor.db_manager (db_manager.py:132): Session created: 82CADBE6 [simulation]
2026-07-13 15:10:16 [WARNING ] sdr_monitor.sdr_engine (sdr_engine.py:194): SoapySDR not installed – falling back to simulation.
2026-07-13 15:10:16 [INFO    ] sdr_monitor.sdr_engine (sdr_engine.py:419): SDREngine initialized in simulation mode.
2026-07-13 15:10:16 [INFO    ] sdr_monitor.db_manager (db_manager.py:132): Session created: 0888AAC0 [simulation]
2026-07-13 15:10:16 [INFO    ] sdr_monitor.web_backend (main.py:111): SDR started in [SIMULATION] mode. Session: 0888AAC0
2026-07-13 15:10:16 [INFO    ] sdr_monitor.web_backend (main.py:129): Web-SDR Application Started. Session: 0888AAC0
2026-07-13 15:18:12 [INFO    ] sdr_monitor.web_backend (main.py:133): Shutting down Web-SDR Application...
2026-07-13 15:45:08 [INFO    ] sdr_monitor (logger.py:65): Logger initialized  →  logs\sdr_monitor_20260713.log
2026-07-13 15:45:08 [DEBUG   ] sdr_monitor.signal_processor (signal_processor.py:81): SignalProcessor  fft=2048  window=hann  avg=3
2026-07-13 15:45:08 [INFO    ] sdr_monitor.db_manager (db_manager.py:29): Database initialized at: data/sdr_monitor.db
2026-07-13 15:45:08 [INFO    ] sdr_monitor.db_manager (db_manager.py:132): Session created: 0ACBFAEA [simulation]
2026-07-13 15:45:08 [WARNING ] sdr_monitor.sdr_engine (sdr_engine.py:194): SoapySDR not installed – falling back to simulation.
2026-07-13 15:45:08 [INFO    ] sdr_monitor.sdr_engine (sdr_engine.py:419): SDREngine initialized in simulation mode.
2026-07-13 15:45:08 [INFO    ] sdr_monitor.db_manager (db_manager.py:132): Session created: F180503C [simulation]
2026-07-13 15:45:08 [INFO    ] sdr_monitor.web_backend (main.py:111): SDR started in [SIMULATION] mode. Session: F180503C
2026-07-13 15:45:08 [INFO    ] sdr_monitor.web_backend (main.py:129): Web-SDR Application Started. Session: F180503C
2026-07-13 15:51:12 [INFO    ] sdr_monitor.web_backend (main.py:133): Shutting down Web-SDR Application...
2026-07-13 15:56:18 [INFO    ] sdr_monitor (logger.py:65): Logger initialized  →  logs\sdr_monitor_20260713.log
2026-07-13 15:56:19 [DEBUG   ] sdr_monitor.signal_processor (signal_processor.py:81): SignalProcessor  fft=2048  window=hann  avg=3
2026-07-13 15:56:19 [INFO    ] sdr_monitor.db_manager (db_manager.py:29): Database initialized at: data/sdr_monitor.db
2026-07-13 15:56:19 [INFO    ] sdr_monitor.db_manager (db_manager.py:132): Session created: 2D486992 [simulation]
2026-07-13 15:56:19 [WARNING ] sdr_monitor.sdr_engine (sdr_engine.py:194): SoapySDR not installed – falling back to simulation.
2026-07-13 15:56:19 [INFO    ] sdr_monitor.sdr_engine (sdr_engine.py:419): SDREngine initialized in simulation mode.
2026-07-13 15:56:19 [INFO    ] sdr_monitor.db_manager (db_manager.py:132): Session created: 4299FB61 [simulation]
2026-07-13 15:56:19 [INFO    ] sdr_monitor.web_backend (main.py:111): SDR started in [SIMULATION] mode. Session: 4299FB61
2026-07-13 15:56:19 [INFO    ] sdr_monitor.web_backend (main.py:129): Web-SDR Application Started. Session: 4299FB61
2026-07-13 16:27:08 [INFO    ] sdr_monitor.web_backend (main.py:133): Shutting down Web-SDR Application...
